725089 read(5, "\0", 16)                = 1
725089 read(14, "PRI * HTTP/2.0\r\n\r\nSM\r\n\r\n", 24) = 24
725089 read(14, "\0\0\36\4\0\0\0\0\0\0\2\0\0\0\0\0\1\0\0\20\0\0\10\0\0\0\0\0\3@\0\0\0\0\4\20\0\0\0\0\0\4\10\0\0\0\0\0\17\377\0\1\0\0\357\1\4\0\0\0\1\203\206\4\217a\5\35\204\235}\305\35\204\235\215%\35\221\372A\207E\235\326AGa'_\213\35u\320b\r&=LMedz\212\232\312\310\264\307`+\204\v\203@\2te\206M\2035\5\261\37@\211\2662\330\262l\31\n\261\244\243\20B\313\242\20\213$\240\33`\270\331c\226G\2\353\316\200C\224%\270 \205\227D!\26I@6\301p?@\215\362\264\247\263\300\354\220\262-]\207I\377\203\235)\257@\211\362\265\205\355iP\225\215'\232}\331\33\3b*\303t-\254\324\257:\264o\25\265\237)D \266\350\333t_@\211\362\264l\254\233\6B\232O\227\225\371$\vB\v$\215\322\204`m\220>\373\342\214r5,\245i\317@\210\362\264l\254\212\307Q\244\214m\220>\373\342\214r5,\245i\317@\211\362\264l\254\201\323]\5\223\0010\0\0'\0\1\0\0\0\1\0\0\0\0\"\r\374\251\30B\25\270^\364\302\32\n2015-04-16\"\n2015-04-20\0\0\0\4\1\0\0\0\0", 32768) = 357
725089 read(14, 0xc00023e000, 32768)    = -1 EAGAIN (Resource temporarily unavailable)
3908773 read(14, "\0\0\10\6\1\0\0\0\0\2\4\20\20\t\16\7\7", 32768) = 17
3908773 read(14, 0xc00023e000, 32768)   = -1 EAGAIN (Resource temporarily unavailable)
725089 read(11, "\0\0\35\1\4\0\0e\373\210\311\300a\226\337i~\224\v\312C]\212\10\2e@5q\266\2564\332\230\264o\306\305\0\0\5\0\0\0\0e\373\0\0\0\0\0\0\0\2\1\5\0\0e\373\304\303", 32768) = 63
725089 read(11, 0xc0002ae000, 32768)    = -1 EAGAIN (Resource temporarily unavailable)
3908773 read(11, "\0\0\10\6\1\0\0\0\0\2\4\20\20\t\16\7\7", 32768) = 17
3908773 read(11, 0xc0002ae000, 32768)   = -1 EAGAIN (Resource temporarily unavailable)
725089 read(8, "\0\0\36\1\5\0\0002\375\210\320\317\316a\226\337i~\224\v\312C]\212\10\2e@5q\266\2564\332\230\264o\315\314", 32768) = 39
725089 read(8, 0xc000300000, 32768)     = -1 EAGAIN (Resource temporarily unavailable)
3908773 read(14, "\0\0\206\1\4\0\0\0\3\203\206\4\217a\5\35\204\235}\305\35\204\235\215%\35\221\372\307\306\305\304\177\4\245d/\274\363O\205\342<\6\334#W\35u\302\214\0t\r\204r\204\5\270\310_y\346\237\v\304x\r\270F\256\3\303\177\3\232~7\345\2222\211g\243pK4)YXm\264%\232y\320\201\342\24\178\337\177\3\226\24\244\0\32\33\222H\26J27+\2554GB\"\225\2403$\245\177\3\214\225\326\232#\241\21J\320\31\222R\377\302\0\0'\0\1\0\0\0\3\0\0\0\0\"\r\374\251\30B\25\270^\364\302\32\n2015-04-16\"\n2015-04-20", 32768) = 191
3908773 read(14, 0xc00023e000, 32768)   = -1 EAGAIN (Resource temporarily unavailable)
1647367 read(14, "\0\0\10\6\1\0\0\0\0\2\4\20\20\t\16\7\7", 32768) = 17
1647367 read(14, 0xc00023e000, 32768)   = -1 EAGAIN (Resource temporarily unavailable)
725089 read(11, "\0\0\6\1\4\0\0e\375\210\312\373\276\306\305\0\0\5\0\0\0\0e\375\0\0\0\0\0\0\0\2\1\5\0\0e\375\304\303", 32768) = 40
725089 read(11, 0xc0002ae000, 32768)    = -1 EAGAIN (Resource temporarily unavailable)
1647367 read(11, "\0\0\10\6\1\0\0\0\0\2\4\20\20\t\16\7\7", 32768) = 17
1647367 read(11, 0xc0002ae000, 32768)   = -1 EAGAIN (Resource temporarily unavailable)
3908773 read(12, "\0\0 \1\4\0\0002\377\210\373\177\0\19a\226\337i~\224\v\312C]\212\10\2e@5q\266\2564\332\230\264o\367\366\0\0\5\0\0\0\0002\377\0\0\0\0\0\0\0\2\1\5\0\0002\377\364\363", 32768) = 66
3908773 read(12, 0xc0001a6000, 32768)   = -1 EAGAIN (Resource temporarily unavailable)
725089 read(12, "\0\0\10\6\1\0\0\0\0\2\4\20\20\t\16\7\7", 32768) = 17
725089 read(12, 0xc0001a6000, 32768)    = -1 EAGAIN (Resource temporarily unavailable)
725089 read(14, "\0\0\210\1\4\0\0\0\5\203\206\4\217a\5\35\204\235}\305\35\204\235\215%\35\221\372\313\312\311\310\177\2\246vQ\225\231\35\221\221F\330c\2247\4'\37|\243z0I$\2162\335\307e\31Y\221\331\31\24m\2069Cp\37\307\177\2\232#mH\320_ig\\nU\232\4\255\255\30\2125\234\23\3576&\231$\200g\177\2\227dNH&\335\1_i\230\343\30\344\215\327dnV\333\214o\306\350C\177\2\214\2227]\221\271[n1\277\33\241\17\306\0\0'\0\1\0\0\0\5\0\0\0\0\"\r\374\251\30B\25\270^\364\302\32\n2015-04-16\"\n2015-04-20", 32768) = 193
725089 read(14, 0xc00023e000, 32768)    = -1 EAGAIN (Resource temporarily unavailable)
725089 read(14, "\0\0\10\6\1\0\0\0\0\2\4\20\20\t\16\7\7", 32768) = 17
725089 read(14, 0xc00023e000, 32768)    = -1 EAGAIN (Resource temporarily unavailable)
3908773 read(11, "\0\0\6\1\4\0\0e\377\210\312\373\276\306\305\0\0\5\0\0\0\0e\377\0\0\0\0\0\0\0\2\1\5\0\0e\377\304\303", 32768) = 40
3908773 read(11, 0xc0002ae000, 32768)   = -1 EAGAIN (Resource temporarily unavailable)
725089 read(11,  <unfinished ...>
1647367 read(8,  <unfinished ...>
725089 <... read resumed>"\0\0\10\6\1\0\0\0\0\2\4\20\20\t\16\7\7", 32768) = 17
1647367 <... read resumed>"\0\0\7\1\5\0\0002\377\210\321\320\317\276\315\314", 32768) = 16
725089 read(11, 0xc0002ae000, 32768)    = -1 EAGAIN (Resource temporarily unavailable)
1647367 read(8, 0xc000300000, 32768)    = -1 EAGAIN (Resource temporarily unavailable)
3908773 read(14, "\0\0\210\1\4\0\0\0\7\203\206\4\217a\5\35\204\235}\305\35\204\235\215%\35\221\372\317\316\315\314\177\2\246nB\264\314\255\214R6&\233dW\31![u\247\235n7\232t\16\265q\271\n\3232\2661H\330\232m\221\\\7\313\177\2\233j7\2@\r\225\233\33Q\254\324\255\262\263\362J\362\317\5\226\234jV\245z1\177\177\2\227+\355H\363O\t\331@6\2002\273$r\21\331B7D\320\200R\177\177\2\213vH\344#\262\204n\211\241\0\244\312\0\0'\0\1\0\0\0\7\0\0\0\0\"\r3\263\27B\25\331\16\364\302\32\n2015-04-21\"\n2015-04-24", 32768) = 193
3908773 read(14, 0xc00023e000, 32768)   = -1 EAGAIN (Resource temporarily unavailable)
3908600 read(14, "\0\0\10\6\1\0\0\0\0\2\4\20\20\t\16\7\7", 32768) = 17
3908600 read(14, 0xc00023e000, 32768)   = -1 EAGAIN (Resource temporarily unavailable)
3908773 read(11, "\0\0\t\1\4\0\0f\1\210\312\177\2\0010\277\307\306\0\0\5\0\0\0\0f\1\0\0\0\0\0\0\0\2\1\5\0\0f\1\305\304", 32768) = 43
3908773 read(11, 0xc0002ae000, 32768)   = -1 EAGAIN (Resource temporarily unavailable)
3908773 read(11, "\0\0\10\6\1\0\0\0\0\2\4\20\20\t\16\7\7", 32768) = 17
3908773 read(11, 0xc0002ae000, 32768)   = -1 EAGAIN (Resource temporarily unavailable)
3908600 read(12, "\0\0\6\1\4\0\0003\1\210\375\326\276\367\366\0\0\5\0\0\0\0003\1\0\0\0\0\0\0\0\2\1\5\0\0003\1\364\363", 32768) = 40
3908600 read(12, 0xc0001a6000, 32768)   = -1 EAGAIN (Resource temporarily unavailable)
3908600 read(12, "\0\0\10\6\1\0\0\0\0\2\4\20\20\t\16\7\7", 32768) = 17
3908600 read(12, 0xc0001a6000, 32768)   = -1 EAGAIN (Resource temporarily unavailable)
3908773 read(14, "\0\0\204\1\4\0\0\0\t\203\206\4\217a\5\35\204\235}\305\35\204\235\215%\35\221\372\323\322\321\320\177\2\243h\242x\216\10\215\220\262\0R\\\10F\314\215\312\310\36\220\257\310\341.4Q<G\4F\310Y\0).\7\317\177\2\231\3O\5\260\10K\25\367\32Y\247\300\25\236\vo,\6\204\27\304\331#(\\\177\2\227\24\257>\370\10\27J\20\t\267\36\221\306\210\343/2\310\331\33\214\224\237\177\2\214\221\306\210\343/2\310\331\33\214\224\237\316\0\0'\0\1\0\0\0\t\0\0\0\0\"\r3\263\27B\25\331\16\364\302\32\n2015-04-21\"\n2015-04-24", 32768) = 189
3908773 read(14, 0xc00023e000, 32768)   = -1 EAGAIN (Resource temporarily unavailable)
3908773 read(14, "\0\0\10\6\1\0\0\0\0\2\4\20\20\t\16\7\7", 32768) = 17
3908773 read(14, 0xc00023e000, 32768)   = -1 EAGAIN (Resource temporarily unavailable)
3908600 read(11, "\0\0\6\1\4\0\0f\3\210\313\350\277\307\306\0\0\5\0\0\0\0f\3\0\0\0\0\0\0\0\2\1\5\0\0f\3\305\304", 32768) = 40
3908600 read(11, 0xc0002ae000, 32768)   = -1 EAGAIN (Resource temporarily unavailable)
3908773 read(11, "\0\0\10\6\1\0\0\0\0\2\4\20\20\t\16\7\7", 32768) = 17
3908773 read(11,  <unfinished ...>
1647367 read(8,  <unfinished ...>
3908773 <... read resumed>0xc0002ae000, 32768) = -1 EAGAIN (Resource temporarily unavailable)
1647367 <... read resumed>"\0\0\7\1\5\0\0003\1\210\321\320\317\276\315\314", 32768) = 16
1647367 read(8, 0xc000300000, 32768)    = -1 EAGAIN (Resource temporarily unavailable)
3908600 --- SIGURG {si_signo=SIGURG, si_code=SI_TKILL, si_pid=1, si_uid=0} ---
725089 read(14, "\0\0\206\1\4\0\0\0\v\203\206\4\217a\5\35\204\235}\305\35\204\235\215%\35\221\372\327\326\325\324\177\2\246\24`\221\222\r\366\310\361^\215\370\356:\341\36q\311@\6\234\24\240u\273\202\214\0222A\276\331\36+\321\277\35\300\177\323\177\2\232\3l\225\366\201\32\322\220\r,\323.8\263\32225\2026\310\t%ln\310\347\177\2\226\t@\334\200#\304\215\300\312\7\332+at`\10[x\245\34a\217\177\2\213+at`\10[x\245\34a\217\322\0\0'\0\1\0\0\0\v\0\0\0\0\"\r\252\361\30B\25Fv\364\302\32\n2015-04-17\"\n2015-04-24", 32768) = 191
725089 read(14, 0xc00023e000, 32768)    = -1 EAGAIN (Resource temporarily unavailable)
3908773 read(14, "\0\0\10\6\1\0\0\0\0\2\4\20\20\t\16\7\7", 32768) = 17
3908773 read(14, 0xc00023e000, 32768)   = -1 EAGAIN (Resource temporarily unavailable)
3908773 read(11, "\0\0\6\1\4\0\0f\5\210\313\374\277\307\306\0\0\5\0\0\0\0f\5\0\0\0\0\0\0\0\2\1\5\0\0f\5\305\304", 32768) = 40
3908773 read(11, 0xc0002ae000, 32768)   = -1 EAGAIN (Resource temporarily unavailable)
3908773 read(11, "\0\0\10\6\1\0\0\0\0\2\4\20\20\t\16\7\7", 32768) = 17
3908773 read(11, 0xc0002ae000, 32768)   = -1 EAGAIN (Resource temporarily unavailable)
725089 read(12, "\0\0\6\1\4\0\0003\3\210\375\335\276\367\366\0\0\5\0\0\0\0003\3\0\0\0\0\0\0\0\2\1\5\0\0003\3\364\363", 32768) = 40
725089 read(12, 0xc0001a6000, 32768)    = -1 EAGAIN (Resource temporarily unavailable)
3908773 read(12, "\0\0\10\6\1\0\0\0\0\2\4\20\20\t\16\7\7", 32768) = 17
3908773 read(12, 0xc0001a6000, 32768)   = -1 EAGAIN (Resource temporarily unavailable)
725089 read(14, "\0\0\207\1\4\0\0\0\r\203\206\4\217a\5\35\204\235}\305\35\204\235\215%\35\221\372\333\332\331\330\177\2\246d%\4\205pr\272\363\256J\314\267\32|\22\211\361I _q\222\272\325\306BPHW\7+\257:\344\254\313p\37\327\177\2\232t\255\1\347\343\"\303\v\321\254\323\204ua\266@-)_\0\\m\247\0\343\177\177\2\227\2229[\4\222\310\373\345$\202$\203m\247E,\240h%x\4d\37\177\2\213\33m:)e\3A+\300# \326\0\0'\0\1\0\0\0\r\0\0\0\0\"\r\252\361\30B\25Fv\364\302\32\n2015-04-17\"\n2015-04-24", 32768) = 192
725089 read(14, 0xc00023e000, 32768)    = -1 EAGAIN (Resource temporarily unavailable)
725089 read(14, "\0\0\10\6\1\0\0\0\0\2\4\20\20\t\16\7\7", 32768) = 17
725089 read(14, 0xc00023e000, 32768)    = -1 EAGAIN (Resource temporarily unavailable)
3908600 read(11, "\0\0\6\1\4\0\0f\7\210\313\374\277\307\306\0\0\5\0\0\0\0f\7\0\0\0\0\0\0\0\2\1\5\0\0f\7\305\304", 32768) = 40
3908600 read(11, 0xc0002ae000, 32768)   = -1 EAGAIN (Resource temporarily unavailable)
725089 read(8, "\0\0\7\1\5\0\0003\3\210\321\320\317\276\315\314", 32768) = 16
725089 read(8, 0xc000300000, 32768)     = -1 EAGAIN (Resource temporarily unavailable)
725089 read(11, "\0\0\10\6\1\0\0\0\0\2\4\20\20\t\16\7\7", 32768) = 17
725089 read(11, 0xc0002ae000, 32768)    = -1 EAGAIN (Resource temporarily unavailable)
725089 read(5, "\0", 16)                = 1
725089 read(14, "\0\0\207\1\4\0\0\0\17\203\206\4\217a\5\35\204\235}\305\35\204\235\215%\35\221\372\337\336\335\334\177\2\245\10B\331\34\34\257\206F\234e\340\334\v\341\214-\10b\215\227]\34\244\270\20\205\26289_\f\2158\313\301\270\37\333\177\2\232\225\267\31zG\210\263`\221\265\232\224q\255\33\315\1g\202\374\202}\311\\(\236\177\2\227\f\217\306\354\214\276P\264\360\33+\257\307+\256\310W\343,b\215\351\36\177\2\214~9]vB\277\31c\24oH\367\332\0\0'\0\1\0\0\0\17\0\0\0\0\"\r\n\327\30B\25\311\366\363\302\32\n2015-04-17\"\n2015-04-19", 32768) = 192
725089 read(14, 0xc00023e000, 32768)    = -1 EAGAIN (Resource temporarily unavailable)
3908773 read(14, "\0\0\10\6\1\0\0\0\0\2\4\20\20\t\16\7\7", 32768) = 17
3908773 read(14, 0xc00023e000, 32768)   = -1 EAGAIN (Resource temporarily unavailable)
725089 read(11, "\0\0\6\1\4\0\0f\t\210\313\276\277\307\306\0\0\31\0\0\0\0f\t\0\0\0\0\24\n\00262\n\00261\n\00263\n\00260\n\00264\0\0\2\1\5\0\0f\t\305\304", 32768) = 60
725089 read(11, 0xc0002ae000, 32768)    = -1 EAGAIN (Resource temporarily unavailable)
725089 read(11, "\0\0\10\6\1\0\0\0\0\2\4\20\20\t\16\7\7", 32768) = 17
725089 read(11, 0xc0002ae000, 32768)    = -1 EAGAIN (Resource temporarily unavailable)
725089 read(5, "\0", 16)                = 1
725089 read(12, "\0\0\6\1\4\0\0003\5\210\375\341\276\367\366\0\0\261\0\0\0\0003\5\0\0\0\0\254\nT\n\00263\22\4RACK\32\n2015-04-09\"\n2015-04-24*0\t\0\0\0\0\0\200`@\21\0\0\0\0\0\200`@\31\0\0\0\0\0\300c@\"\3KNG2\16King sized bed\nT\n\00260\22\4RACK\32\n2015-04-09\"\n2015-04-17*0\t\0\0\0\0\0@[@\21\0\0\0\0\0@[@\31{\24\256G\341\312^@\"\3KNG2\16King sized bed\0\0\2\1\5\0\0003\5\364\363", 32768) = 212
725089 read(12, 0xc0001a6000, 32768)    = -1 EAGAIN (Resource temporarily unavailable)
725089 read(12, "\0\0\10\6\1\0\0\0\0\2\4\20\20\t\16\7\7", 32768) = 17
725089 read(12, 0xc0001a6000, 32768)    = -1 EAGAIN (Resource temporarily unavailable)
725089 read(14, "\0\0\205\1\4\0\0\0\21\203\206\4\217a\5\35\204\235}\305\35\204\235\215%\35\221\372\343\342\341\340\177\2\243\220 h\215\221\227\244}\267#\270\324\221\262\353\300\221\347\310\0\306\333\327$\10\32#de\351\37m\310\356\7\337\177\2\232tB\225\367$\"\301h/,\323\217F\264oH\362\305\222Ie\0$ \231k\177\2\227zV\211(\206\333\302y\360\312\353\217;+a\225\330\302\364\257\211\371\t\177\2\214y\331[\f\256\306\27\245|O\310O\336\0\0'\0\1\0\0\0\21\0\0\0\0\"\r1\10\31B\25#\333\363\302\32\n2015-04-17\"\n2015-04-18", 32768) = 190
725089 read(14, 0xc00023e000, 32768)    = -1 EAGAIN (Resource temporarily unavailable)
3908773 read(14,  <unfinished ...>
725089 read(5, "\0", 16)                = 1
3908773 <... read resumed>"\0\0\10\6\1\0\0\0\0\2\4\20\20\t\16\7\7", 32768) = 17
3908773 read(14, 0xc00023e000, 32768)   = -1 EAGAIN (Resource temporarily unavailable)
725089 read(11, "\0\0\6\1\4\0\0f\v\210\313\374\277\307\306\0\0\31\0\0\0\0f\v\0\0\0\0\24\n\00269\n\00270\n\00268\n\00271\n\00267\0\0\2\1\5\0\0f\v\305\304", 32768) = 60
725089 read(11, 0xc0002ae000, 32768)    = -1 EAGAIN (Resource temporarily unavailable)
725089 read(8, "\0\0\36\1\5\0\0003\5\210\321\320\317a\226\337i~\224\v\312C]\212\10\2e@5q\266\2564\342\230\264o\316\315", 32768) = 39
3908773 read(11, "\0\0\10\6\1\0\0\0\0\2\4\20\20\t\16\7\7", 32768) = 17
725089 read(8, 0xc000300000, 32768)     = -1 EAGAIN (Resource temporarily unavailable)
3908773 read(11, 0xc0002ae000, 32768)   = -1 EAGAIN (Resource temporarily unavailable)
3908773 read(14, "\0\0\207\1\4\0\0\0\23\203\206\4\217a\5\35\204\235}\305\35\204\235\215%\35\221\372\347\346\345\344\177\2\245lD\tc\221\221\306\0\266\31\7q\247Z(\31u\367\213(\\(]\270\330\210\22\307##\214\1l2\16\340?\343\177\2\232xq\262\333!\2\314\214\217,\324r\262\264r4\322\322\0\200\216VD\371[\177\177\2\227\tJ(\3046ee\301>\351\10\323RJ\371\2\3432\266V\236\222_\177\2\214i\251%|\201q\231[+OI/\342\0\0'\0\1\0\0\0\23\0\0\0\0\"\r3\263\27B\25\331\16\364\302\32\n2015-04-21\"\n2015-04-24", 32768) = 192
3908773 read(14, 0xc00023e000, 32768)   = -1 EAGAIN (Resource temporarily unavailable)
725089 read(14, "\0\0\10\6\1\0\0\0\0\2\4\20\20\t\16\7\7", 32768) = 17
725089 read(14, 0xc00023e000, 32768)    = -1 EAGAIN (Resource temporarily unavailable)
3908773 read(11, "\0\0\6\1\4\0\0f\r\210\313\276\277\307\306\0\0\5\0\0\0\0f\r\0\0\0\0\0\0\0\2\1\5\0\0f\r\305\304", 32768) = 40
3908773 read(11, 0xc0002ae000, 32768)   = -1 EAGAIN (Resource temporarily unavailable)
3908600 read(12, "\0\0\6\1\4\0\0003\7\210\375\326\276\367\366\0\0\5\0\0\0\0003\7\0\0\0\0\0\0\0\2\1\5\0\0003\7\364\363", 32768) = 40
3908773 read(11, "\0\0\10\6\1\0\0\0\0\2\4\20\20\t\16\7\7", 32768) = 17
3908600 read(12,  <unfinished ...>
3908773 read(11,  <unfinished ...>
3908600 <... read resumed>0xc0001a6000, 32768) = -1 EAGAIN (Resource temporarily unavailable)
3908773 <... read resumed>0xc0002ae000, 32768) = -1 EAGAIN (Resource temporarily unavailable)
3908773 read(12, "\0\0\10\6\1\0\0\0\0\2\4\20\20\t\16\7\7", 32768) = 17
3908773 read(12, 0xc0001a6000, 32768)   = -1 EAGAIN (Resource temporarily unavailable)
1647367 read(14, "\0\0\206\1\4\0\0\0\25\203\206\4\217a\5\35\204\235}\305\35\204\235\215%\35\221\372\353\352\351\350\177\2\244\225\347\237\0\10\363`xdz[\214\266\323L\205\271\35hL\264\331ArW\236|\0#\315\201\341\221\351n\7\347\177\2\232d\255>\340\233*\316\306\324\2534\313\222-\33d\32\301)[|%\4\255\310\37\177\2\227\4`u\342\200N\210\245i\327\345fR\f-\264\7Y\226V\245\224?\177\2\214fR\f-\264\7Y\226V\245\224?\346\0\0'\0\1\0\0\0\25\0\0\0\0\"\r3\263\27B\25\331\16\364\302\32\n2015-04-21\"\n2015-04-24", 32768) = 191
1647367 read(14, 0xc00023e000, 32768)   = -1 EAGAIN (Resource temporarily unavailable)
3908773 read(14, "\0\0\10\6\1\0\0\0\0\2\4\20\20\t\16\7\7", 32768) = 17
3908773 read(14, 0xc00023e000, 32768)   = -1 EAGAIN (Resource temporarily unavailable)
3908773 read(11, "\0\0\6\1\4\0\0f\17\210\313\276\277\307\306\0\0\5\0\0\0\0f\17\0\0\0\0\0\0\0\2\1\5\0\0f\17\305\304", 32768) = 40
3908773 read(11, 0xc0002ae000, 32768)   = -1 EAGAIN (Resource temporarily unavailable)
725089 read(11, "\0\0\10\6\1\0\0\0\0\2\4\20\20\t\16\7\7", 32768) = 17
725089 read(11, 0xc0002ae000, 32768)    = -1 EAGAIN (Resource temporarily unavailable)
725089 read(8, "\0\0\7\1\5\0\0003\7\210\322\321\320\276\316\315", 32768) = 16
725089 read(8, 0xc000300000, 32768)     = -1 EAGAIN (Resource temporarily unavailable)
725089 read(5, "\0", 16)                = 1
725089 read(14, "\0\0\211\1\4\0\0\0\27\203\206\4\217a\5\35\204\235}\305\35\204\235\215%\35\221\372\357\356\355\354\177\2\246nG\335\224\257H\373\255:Q\1\313\215\211\302\274\341\\\31\6G^\220w\33\221\367e+\322>\353N\224@r\340?\353\177\2\232m\360\306\313`\32\305fW\226i\306\235Z6\345ya\210.J\340\345x-\27\177\2\230\3r\221\226\303\34\254\267#o\5\251H\373.\25\271\\i\227dy\341\377\177\2\214\224\217\262\341[\225\306\231vG\236\37\352\0\0'\0\1\0\0\0\27\0\0\0\0\"\r\252\361\30B\25Fv\364\302\32\n2015-04-17\"\n2015-04-24", 32768) = 194
725089 read(14, 0xc00023e000, 32768)    = -1 EAGAIN (Resource temporarily unavailable)
725089 read(14, "\0\0\10\6\1\0\0\0\0\2\4\20\20\t\16\7\7", 32768) = 17
725089 read(14, 0xc00023e000, 32768)    = -1 EAGAIN (Resource temporarily unavailable)
1647367 read(11, "\0\0\35\1\4\0\0f\21\210\313\276a\226\337i~\224\v\312C]\212\10\2e@5q\266\2564\342\230\264o\310\307\0\0\5\0\0\0\0f\21\0\0\0\0\0\0\0\2\1\5\0\0f\21\306\305", 32768) = 63
1647367 read(11, 0xc0002ae000, 32768)   = -1 EAGAIN (Resource temporarily unavailable)
3908773 read(11, "\0\0\10\6\1\0\0\0\0\2\4\20\20\t\16\7\7", 32768) = 17
3908773 read(11, 0xc0002ae000, 32768)   = -1 EAGAIN (Resource temporarily unavailable)
3908773 read(12, "\0\0\6\1\4\0\0003\t\210\375\335\276\367\366\0\0\5\0\0\0\0003\t\0\0\0\0\0\0\0\2\1\5\0\0003\t\364\363", 32768) = 40
3908773 read(12, 0xc0001a6000, 32768)   = -1 EAGAIN (Resource temporarily unavailable)
3908773 read(12, "\0\0\10\6\1\0\0\0\0\2\4\20\20\t\16\7\7", 32768) = 17
3908773 read(12, 0xc0001a6000, 32768)   = -1 EAGAIN (Resource temporarily unavailable)
725089 read(14, "\0\0\210\1\4\0\0\0\31\203\206\4\217a\5\35\204\235}\305\35\204\235\215%\35\221\372\363\362\361\360\177\2\246e\250\302\364\255\214m6\353R>\335\306\236i\342\306\313\322\270\370\306\340\245\270\313Q\205\351[\30\332m\326\244}\273\200\357\177\2\232q\240\272\373N\225i@\333K4\344\245Y\351\\i`F\330\344+$i\327\333\177\2\227\31\33xo\264Q\272\1;\30\337+a\10\234m\251\37#o8X\377\177\2\214+a\10\234m\251\37#o8X\377\356\0\0'\0\1\0\0\0\31\0\0\0\0\"\r\252\361\30B\25Fv\364\302\32\n2015-04-17\"\n2015-04-24", 32768) = 193
725089 read(14, 0xc00023e000, 32768)    = -1 EAGAIN (Resource temporarily unavailable)
1647367 read(14, "\0\0\10\6\1\0\0\0\0\2\4\20\20\t\16\7\7", 32768) = 17
1647367 read(14, 0xc00023e000, 32768)   = -1 EAGAIN (Resource temporarily unavailable)
725089 read(14, "\0\0\317\1\4\0\0\0\33\203\206\4\217a\5\35\204\235}\305\35\204\235\215%\35\221\372A\207E\235\326AGa'_\213\35u\320b\r&=LMedz\212\232\312\310\264\307`+\204\v\203@\2te\206M\2035\5\261\37\177\6\246fI\0\7\37m\266\204\354n\26;\215\204M\221\231\4\340\232~6\231\r\306d\220\0q\366\333hN\306\341c\270\17@\215\362\264\247\263\300\354\220\262-]\207I\377\203\235)\257\177\7\232\10[lq\221\305\231}\326\226i\247\0\260\343+\2534\0014\373o\210\200d?\177\7\227\226V]y\327\313\33\3174\353\303\1F\373\316\225\327\0\26\213\33d\177\177\7\214(\337y\322\272\340\2\321cl\217\377@\211\362\264l\254\201\323]\5\223\0010\0\0'\0\1\0\0\0\33\0\0\0\0\"\r\252q\27B\25\364}\364\302\32\n2015-04-10\"\n2015-04-14", 32768) = 264
3908773 read(11,  <unfinished ...>
725089 read(14, 0xc00023e000, 32768)    = -1 EAGAIN (Resource temporarily unavailable)
3908773 <... read resumed>"\0\0\t\1\4\0\0f\23\210\314\177\0\0011\277\311\310\0\0\5\0\0\0\0f\23\0\0\0\0\0\0\0\2\1\5\0\0f\23\307\306", 32768) = 43
3908773 read(11,  <unfinished ...>
1647367 read(14, "\0\0\10\6\1\0\0\0\0\2\4\20\20\t\16\7\7", 32768) = 17
3908773 <... read resumed>0xc0002ae000, 32768) = -1 EAGAIN (Resource temporarily unavailable)
1647367 read(14, 0xc00023e000, 32768)   = -1 EAGAIN (Resource temporarily unavailable)
1647367 read(11, "\0\0\10\6\1\0\0\0\0\2\4\20\20\t\16\7\7", 32768) = 17
1647367 read(11, 0xc0002ae000, 32768)   = -1 EAGAIN (Resource temporarily unavailable)
1647367 read(8, "\0\0\7\1\5\0\0003\t\210\322\321\320\276\316\315", 32768) = 16
1647367 read(8, 0xc000300000, 32768)    = -1 EAGAIN (Resource temporarily unavailable)
3908773 read(11, "\0\0\6\1\4\0\0f\25\210\315\276\277\311\310\0\0\31\0\0\0\0f\25\0\0\0\0\24\n\00217\n\00216\n\00218\n\00215\n\00219\0\0\2\1\5\0\0f\25\307\306", 32768) = 60
3908773 read(11, 0xc0002ae000, 32768)   = -1 EAGAIN (Resource temporarily unavailable)
1647367 read(11, "\0\0\10\6\1\0\0\0\0\2\4\20\20\t\16\7\7", 32768) = 17
1647367 read(11, 0xc0002ae000, 32768)   = -1 EAGAIN (Resource temporarily unavailable)
1647367 read(12, "\0\0\35\1\4\0\0003\v\210\375\342a\226\337i~\224\v\312C]\212\10\2e@5q\266\2564\342\230\264o\370\367\0\0\261\0\0\0\0003\v\0\0\0\0\254\nT\n\00218\22\4RACK\32\n2015-04-09\"\n2015-04-17*0\t\0\0\0\0\0\200`@\21\0\0\0\0\0\200`@\31\0\0\0\0\0\300c@\"\3KNG2\16King sized bed\nT\n\00215\22\4RACK\32\n2015-04-09\"\n2015-04-24*0\t\0\0\0\0\0@[@\21\0\0\0\0\0@[@\31{\24\256G\341\312^@\"\3KNG2\16King sized bed\0\0\2\1\5\0\0003\v\365\364", 32768) = 235
1647367 read(12, 0xc0001a6000, 32768)   = -1 EAGAIN (Resource temporarily unavailable)
1647367 read(12, "\0\0\10\6\1\0\0\0\0\2\4\20\20\t\16\7\7", 32768) = 17
1647367 read(12, 0xc0001a6000, 32768)   = -1 EAGAIN (Resource temporarily unavailable)
1647367 read(14, "\0\0\210\1\4\0\0\0\35\203\206\4\217a\5\35\204\235}\305\35\204\235\215%\35\221\372\307\306\305\304\177\4\246lO<\364\261\265\34n\5\331D\365\306[\216A\266\324\243\33dt\216\275q\261<\363\322\306\324q\270\27e\23\327\1\303\177\3\232!\35l\255\264\322\300\20\232Y\242\211\325\237\214\16,\360\10Q\1\242H\373M\177\177\3\227}\311%$m\270\373\221\262\370HA\271 \310\21\270\353L\306Y\33\177\177\3\214\33\222\f\201\33\216\264\314e\221\267\377\302\0\0'\0\1\0\0\0\35\0\0\0\0\"\rJ\f\31B\25#[\364\302\32\n2015-04-13\"\n2015-04-21", 32768) = 193
1647367 read(14, 0xc00023e000, 32768)   = -1 EAGAIN (Resource temporarily unavailable)
1647367 read(14, "\0\0\10\6\1\0\0\0\0\2\4\20\20\t\16\7\7", 32768) = 17
1647367 read(14, 0xc00023e000, 32768)   = -1 EAGAIN (Resource temporarily unavailable)
3908600 read(11, "\0\0\6\1\4\0\0f\27\210\315\352\277\311\310\0\0\5\0\0\0\0f\27\0\0\0\0\0\0\0\2\1\5\0\0f\27\307\306", 32768) = 40
3908600 read(11, 0xc0002ae000, 32768)   = -1 EAGAIN (Resource temporarily unavailable)
1647367 read(11, "\0\0\10\6\1\0\0\0\0\2\4\20\20\t\16\7\7", 32768) = 17
1647367 read(11, 0xc0002ae000, 32768)   = -1 EAGAIN (Resource temporarily unavailable)
1647367 read(8, "\0\0\7\1\5\0\0003\v\210\322\321\320\276\316\315", 32768) = 16
1647367 read(8,  <unfinished ...>
3908773 read(14,  <unfinished ...>
1647367 <... read resumed>0xc000300000, 32768) = -1 EAGAIN (Resource temporarily unavailable)
3908773 <... read resumed>"\0\0\207\1\4\0\0\0\37\203\206\4\217a\5\35\204\235}\305\35\204\235\215%\35\221\372\313\312\311\310\177\2\245d@\224!dbrY[# \270\330\310\tZ\30[\v/\21\347\32\270\310\201(B\310\304\344\262\266FAp\37\307\177\2\232(\33xbpk\r\271\35Y\246\245\221g\310\374\213J\323\3576\333\254\211\331e\177\2\227\2229c\30et\5\0\310@H\334\216\272\0004\333\245#1\270\2\377\177\2\214nG]\0\32m\322\221\230\334\1\177\306\0\0'\0\1\0\0\0\37\0\0\0\0\"\r\n\327\30B\25\311\366\363\302\32\n2015-04-17\"\n2015-04-19\0\0\210\1\4\0\0\0!\203\206\4\217a\5\35\204\235}\305\35\204\235\215%\35\221\372\317\316\315\314\177\2\246u\242>\7\234\215\346F\26cpw\35\3Cp\214\266&c}\307\233\216\343\255\21\360<\344o20\263\33\203\270\17\313\177\2\232\225\320\215\242\265\32\302e\327\26h/8\263\303nE\236u\240G#\31627\1\177\2\227\23$\226G\302P<\354\216\nW\33\20]h1\271+E#$\215\277\177\2\214lAu\240\306\344\255\24\214\2226\377\312\0\0'\0\1\0\0\0!\0\0\0\0\"\r\n\327\30B\25\311\366\363\302\32\n2015-04-17\"\n2015-04-19", 32768) = 385
3908773 read(14, 0xc00023e000, 32768)   = -1 EAGAIN (Resource temporarily unavailable)
1647367 read(14, "\0\0\10\6\1\0\0\0\0\2\4\20\20\t\16\7\7", 32768) = 17
1647367 read(14, 0xc00023e000, 32768)   = -1 EAGAIN (Resource temporarily unavailable)
3908600 read(11, "\0\0\6\1\4\0\0f\31\210\315\276\277\311\310\0\0\31\0\0\0\0f\31\0\0\0\0\24\n\00262\n\00261\n\00263\n\00260\n\00264\0\0\2\1\5\0\0f\31\307\306\0\0\6\1\4\0\0f\33\210\315\276\277\311\310\0\0\31\0\0\0\0f\33\0\0\0\0\24\n\00262\n\00261\n\00263\n\00260\n\00264\0\0\2\1\5\0\0f\33\307\306", 32768) = 120
3908600 read(11, 0xc0002ae000, 32768)   = -1 EAGAIN (Resource temporarily unavailable)
3908600 read(11, "\0\0\10\6\1\0\0\0\0\2\4\20\20\t\16\7\7", 32768) = 17
3908600 read(11, 0xc0002ae000, 32768)   = -1 EAGAIN (Resource temporarily unavailable)
3908600 read(8, "\0\0\7\1\5\0\0003\r\210\322\321\320\276\316\315", 32768) = 16
3908600 read(8, 0xc000300000, 32768)    = -1 EAGAIN (Resource temporarily unavailable)
725089 read(12, "\0\0\22\1\4\0\0003\r\210_\213\35u\320b\r&=LMed\335\277\371\370\0\0\261\0\0\0\0003\r\0\0\0\0\254\nT\n\00263\22\4RACK\32\n2015-04-09\"\n2015-04-24*0\t\0\0\0\0\0\200`@\21\0\0\0\0\0\200`@\31\0\0\0\0\0\300c@\"\3KNG2\16King sized bed\nT\n\00260\22\4RACK\32\n2015-04-09\"\n2015-04-17*0\t\0\0\0\0\0@[@\21\0\0\0\0\0@[@\31{\24\256G\341\312^@\"\3KNG2\16King sized bed\0\0\2\1\5\0\0003\r\366\365", 32768) = 224
725089 read(12, 0xc0001a6000, 32768)    = -1 EAGAIN (Resource temporarily unavailable)
3908773 read(12, "\0\0\10\6\1\0\0\0\0\2\4\20\20\t\16\7\7", 32768) = 17
3908773 read(12, 0xc0001a6000, 32768)   = -1 EAGAIN (Resource temporarily unavailable)
3908600 read(14, "\0\0\207\1\4\0\0\0#\203\206\4\217a\5\35\204\235}\305\35\204\235\215%\35\221\372\323\322\321\320\177\2\244dB\21\\\3\305)F\313\202z\343\240,\255\205\302\201\266@\351\6+\214\210B+\200x\245(\331pO\\\7\317\177\2\233d!q\247\343\"\314\262\353\3534\363R,\363\316\270\263d\220O\1\246\331pN\377\177\2\227y\2628\373\355\5\326\304\27\34\225\301\221\311d\20d\214\0174X\334\227\177\2\214\31\34\226A\6H\300\363E\215\311\177\316\0\0'\0\1\0\0\0#\0\0\0\0\"\r1\10\31B\25#\333\363\302\32\n2015-04-17\"\n2015-04-18", 32768) = 192
3908600 read(14, 0xc00023e000, 32768)   = -1 EAGAIN (Resource temporarily unavailable)
3908773 read(14, "\0\0\10\6\1\0\0\0\0\2\4\20\20\t\16\7\7", 32768) = 17
3908773 read(14, "\0\0\210\1\4\0\0\0%\203\206\4\217a\5\35\204\235}\305\35\204\235\215%\35\221\372\327\326\325\324\177\2\246vYc\24d#2\16G\336p\227\32\vr2\2\225\371^x\256\0\27\35\226X\305\31\10\314\203\221\367\234%\300\177\323\177\2\232+\315\273(\307*\322\276\340\26h\254\266\263\317\262\322\322\200\242u\346]m\347C\177\2\227e\326\206\27\207\30@7\307\33\344pNF\354e|b\214\256J6\177\177\2\214pNF\354e|b\214\256J6\177\322\0\0'\0\1\0\0\0%\0\0\0\0\"\r\n\327\30B\25\311\366\363\302\32\n2015-04-17\"\n2015-04-19", 32768) = 193
3908773 read(14, 0xc00023e000, 32768)   = -1 EAGAIN (Resource temporarily unavailable)
1647367 read(11, "\0\0\6\1\4\0\0f\35\210\315\276\277\311\310\0\0\31\0\0\0\0f\35\0\0\0\0\24\n\00269\n\00270\n\00268\n\00271\n\00267\0\0\2\1\5\0\0f\35\307\306", 32768) = 60
3908600 read(14, "\0\0\10\6\1\0\0\0\0\2\4\20\20\t\16\7\7", 32768) = 17
3908600 read(14,  <unfinished ...>
1647367 read(11,  <unfinished ...>
3908600 <... read resumed>0xc00023e000, 32768) = -1 EAGAIN (Resource temporarily unavailable)
1647367 <... read resumed>"\0\0\6\1\4\0\0f\37\210\315\300\277\311\310\0\0\31\0\0\0\0f\37\0\0\0\0\24\n\00262\n\00261\n\00263\n\00260\n\00264\0\0\2\1\5\0\0f\37\307\306", 32768) = 60
1647367 read(11, 0xc0002ae000, 32768)   = -1 EAGAIN (Resource temporarily unavailable)
3908772 read(11,  <unfinished ...>
1647367 read(8,  <unfinished ...>
3908772 <... read resumed>"\0\0\10\6\1\0\0\0\0\2\4\20\20\t\16\7\7", 32768) = 17
1647367 <... read resumed>"\0\0\7\1\5\0\0003\17\210\322\321\320\276\316\315", 32768) = 16
3908772 read(11, 0xc0002ae000, 32768)   = -1 EAGAIN (Resource temporarily unavailable)
1647367 read(8, 0xc000300000, 32768)    = -1 EAGAIN (Resource temporarily unavailable)
725089 read(12, "\0\0\6\1\4\0\0003\17\210\276\327\277\371\370\0\0[\0\0\0\0003\17\0\0\0\0V\nT\n\00269\22\4RACK\32\n2015-04-09\"\n2015-04-24*0\t\0\0\0\0\0\0m@\21\0\0\0\0\0\0m@\31\0\0\0\0\0 p@\"\3KNG2\16King sized bed\0\0\2\1\5\0\0003\17\366\365", 32768) = 126
725089 read(12, 0xc0001a6000, 32768)    = -1 EAGAIN (Resource temporarily unavailable)
1647367 read(12, "\0\0\10\6\1\0\0\0\0\2\4\20\20\t\16\7\7", 32768) = 17
1647367 read(12, 0xc0001a6000, 32768)   = -1 EAGAIN (Resource temporarily unavailable)
1647367 read(14, "\0\0\206\1\4\0\0\0'\203\206\4\217a\5\35\204\235}\305\35\204\235\215%\35\221\372\333\332\331\330\177\2\245\fo<G\37pM\1\360\270\373W\5)\31\10\310'\333to\206V\256\0067\236#\217\270&\200\370\\}\253\201\327\177\2\231|\204ha VdB\2\3154\26Vy\360\tg\235lc\220n6IA\177\2\227\3q\2727\337#\356\204\243\3\216\1\227\34\10\302\330eq\311\7#\277\177\2\214\3.8\21\205\260\312\343\222\16G\177\326\0\0'\0\1\0\0\0'\0\0\0\0\"\r1\10\31B\25#\333\363\302\32\n2015-04-17\"\n2015-04-18", 32768) = 191
1647367 read(14, 0xc00023e000, 32768)   = -1 EAGAIN (Resource temporarily unavailable)
1647367 read(14, "\0\0\10\6\1\0\0\0\0\2\4\20\20\t\16\7\7", 32768) = 17
1647367 read(14, 0xc00023e000, 32768)   = -1 EAGAIN (Resource temporarily unavailable)
1647367 read(11, "\0\0\6\1\4\0\0f!\210\315\276\277\311\310\0\0\31\0\0\0\0f!\0\0\0\0\24\n\00269\n\00270\n\00268\n\00271\n\00267\0\0\2\1\5\0\0f!\307\306", 32768) = 60
1647367 read(11, 0xc0002ae000, 32768)   = -1 EAGAIN (Resource temporarily unavailable)
1647367 read(11, "\0\0\10\6\1\0\0\0\0\2\4\20\20\t\16\7\7", 32768) = 17
1647367 read(11, 0xc0002ae000, 32768)   = -1 EAGAIN (Resource temporarily unavailable)
1647367 read(12, "\0\0\6\1\4\0\0003\21\210\276\344\277\371\370\0\0[\0\0\0\0003\21\0\0\0\0V\nT\n\00269\22\4RACK\32\n2015-04-09\"\n2015-04-24*0\t\0\0\0\0\0\0m@\21\0\0\0\0\0\0m@\31\0\0\0\0\0 p@\"\3KNG2\16King sized bed\0\0\2\1\5\0\0003\21\366\365", 32768) = 126
1647367 read(12, 0xc0001a6000, 32768)   = -1 EAGAIN (Resource temporarily unavailable)
3908772 read(12, "\0\0\10\6\1\0\0\0\0\2\4\20\20\t\16\7\7", 32768) = 17
3908772 read(12, 0xc0001a6000, 32768)   = -1 EAGAIN (Resource temporarily unavailable)
3908600 read(14, "\0\0\211\1\4\0\0\0)\203\206\4\217a\5\35\204\235}\305\35\204\235\215%\35\221\372\337\336\335\334\177\2\247\23\3567+\362F\313\203\225\346\244j\343O\276\370#y\311\5(\244m\267\256\t\367\33\225\371#e\301\312\363R5p?\333\177\2\232+d\2266K*\3178\333+4(\302\264o\262\372\305fA8Q\310We\17\177\2\227}\346\345lm\265(#l\1$o\20222\313\315\270\374\205\215\346\\\177\2\214|\21\221\226^m\307\344,o2\347\332\0\0'\0\1\0\0\0)\0\0\0\0\"\r\252q\27B\25\364}\364\302\32\n2015-04-10\"\n2015-04-14", 32768) = 194
3908600 read(14, 0xc00023e000, 32768)   = -1 EAGAIN (Resource temporarily unavailable)
3908600 read(14, "\0\0\10\6\1\0\0\0\0\2\4\20\20\t\16\7\7", 32768) = 17
3908600 read(14, 0xc00023e000, 32768)   = -1 EAGAIN (Resource temporarily unavailable)
3908600 read(11, "\0\0\35\1\4\0\0f#\210\315\300a\226\337i~\224\v\312C]\212\10\2e@5q\266\2564\352\230\264o\312\311\0\0\31\0\0\0\0f#\0\0\0\0\24\n\00217\n\00216\n\00218\n\00215\n\00219\0\0\2\1\5\0\0f#\310\307", 32768) = 83
3908600 read(11, 0xc0002ae000, 32768)   = -1 EAGAIN (Resource temporarily unavailable)
3908600 read(11, "\0\0\10\6\1\0\0\0\0\2\4\20\20\t\16\7\7", 32768) = 17
3908600 read(11, 0xc0002ae000, 32768)   = -1 EAGAIN (Resource temporarily unavailable)
3908600 read(5, "\0", 16)               = 1
3908600 read(8, "\0\0\36\1\5\0\0003\21\210\322\321\320a\226\337i~\224\v\312C]\212\10\2e@5q\266\2564\352\230\264o\317\316", 32768) = 39
3908600 read(8, 0xc000300000, 32768)    = -1 EAGAIN (Resource temporarily unavailable)
3908600 read(5, "\0", 16)               = 1
3908600 read(14, "\0\0\204\1\4\0\0\0+\203\206\4\217a\5\35\204\235}\305\35\204\235\215%\35\221\372\343\342\341\340\177\2\243\214\16F\323B\220\5rV\310K\222<V\202\373Cp\217\270(\307r09\33M\n@\25\311[!.\7\337\177\2\232\23\"~F\200\25\245hR,\323\203ea\274A,&\232\v\257\312\353D}\277\177\2\227+\315\271\30\305\33\355\1\261\201\367\311,m\274\2F1\5\3624Y?\177\2\213$\261\266\360\t\30\304\27\310\321d\336\0\0'\0\1\0\0\0+\0\0\0\0\"\rJ\f\31B\25#[\364\302\32\n2015-04-13\"\n2015-04-21", 32768) = 189
3908600 read(14, 0xc00023e000, 32768)   = -1 EAGAIN (Resource temporarily unavailable)
3908772 read(14, "\0\0\10\6\1\0\0\0\0\2\4\20\20\t\16\7\7", 32768) = 17
3908772 read(14, 0xc00023e000, 32768)   = -1 EAGAIN (Resource temporarily unavailable)
3908600 read(11, "\0\0\6\1\4\0\0f%\210\316\277\276\312\311\0\0\5\0\0\0\0f%\0\0\0\0\0\0\0\2\1\5\0\0f%\310\307", 32768) = 40
3908600 read(11, 0xc0002ae000, 32768)   = -1 EAGAIN (Resource temporarily unavailable)
3908772 read(11, "\0\0\10\6\1\0\0\0\0\2\4\20\20\t\16\7\7", 32768) = 17
3908772 read(11, 0xc0002ae000, 32768)   = -1 EAGAIN (Resource temporarily unavailable)
3908772 read(12, "\0\0\35\1\4\0\0003\23\210\276\330a\226\337i~\224\v\312C]\212\10\2e@5q\266\2564\352\230\264o\372\371\0\0\5\0\0\0\0003\23\0\0\0\0\0\0\0\2\1\5\0\0003\23\367\366", 32768) = 63
3908772 read(12, 0xc0001a6000, 32768)   = -1 EAGAIN (Resource temporarily unavailable)
3908772 read(12, "\0\0\10\6\1\0\0\0\0\2\4\20\20\t\16\7\7", 32768) = 17
3908772 read(12, 0xc0001a6000, 32768)   = -1 EAGAIN (Resource temporarily unavailable)
3908772 read(14, "\0\0\210\1\4\0\0\0-\203\206\4\217a\5\35\204\235}\305\35\204\235\215%\35\221\372\347\346\345\344\177\2\246f7#~0\204a\226W\36\225\313\216\266IF\373\201d2\211\251\\j\3431\271\33\361\204#\f\262\270\364\256\\\7\343\177\2\232\0\206\323\262\10k5 \32Y\241\262\5\236\216VV\v\215\214\1u\270\337\221\377\177\2\227\224NF\10\334q\271\32\f\222\24@rR\264G\34y\227\212\361^\27\177\2\214\3\222\225\2428\343\314\274W\212\360\277\342\0\0'\0\1\0\0\0-\0\0\0\0\"\r7\t\30B\25\2k\364\302\32\n2015-04-21\"\n2015-04-22", 32768) = 193
3908772 read(14, 0xc00023e000, 32768)   = -1 EAGAIN (Resource temporarily unavailable)
3908600 read(14, "\0\0\10\6\1\0\0\0\0\2\4\20\20\t\16\7\7", 32768) = 17
3908600 read(14, 0xc00023e000, 32768)   = -1 EAGAIN (Resource temporarily unavailable)
3908600 read(5, "\0", 16)               = 1
3908600 read(11, "\0\0\6\1\4\0\0f'\210\316\277\276\312\311\0\0\31\0\0\0\0f'\0\0\0\0\24\n\00231\n\00232\n\00230\n\00233\n\00229\0\0\2\1\5\0\0f'\310\307", 32768) = 60
3908600 read(11, 0xc0002ae000, 32768)   = -1 EAGAIN (Resource temporarily unavailable)
3908600 read(11, "\0\0\10\6\1\0\0\0\0\2\4\20\20\t\16\7\7", 32768) = 17
3908600 read(11, 0xc0002ae000, 32768)   = -1 EAGAIN (Resource temporarily unavailable)
3908600 read(8, "\0\0\7\1\5\0\0003\23\210\323\322\321\276\317\316", 32768) = 16
3908600 read(8, 0xc000300000, 32768)    = -1 EAGAIN (Resource temporarily unavailable)
3908600 read(5, "\0", 16)               = 1
3908600 read(14, "\0\0\206\1\4\0\0\0/\203\206\4\217a\5\35\204\235}\305\35\204\235\215%\35\221\372\353\352\351\350\177\2\246i\300\222@2\340\35\221\3202\31n6\333\201\34\2578\360\n\333M\262\335\306\234\t$\3.\1\331\35\3!\226\340?\347\177\2\232m\362\206IB\342\321\214\241Y\247\231\32\317\276\320\326u\367Yu\351%|m\203\177\2\226#\362H\323\303p\202\0%h!+c\10[e\226[)e)\1\177\2\213+c\10[e\226[)e)\1\346\0\0'\0\1\0\0\0/\0\0\0\0\"\r1\10\31B\25#\333\363\302\32\n2015-04-17\"\n2015-04-18", 32768) = 191
3908600 read(14, 0xc00023e000, 32768)   = -1 EAGAIN (Resource temporarily unavailable)
3908772 read(14, "\0\0\10\6\1\0\0\0\0\2\4\20\20\t\16\7\7", 32768) = 17
3908772 read(14, 0xc00023e000, 32768)   = -1 EAGAIN (Resource temporarily unavailable)
3908600 read(11, "\0\0\6\1\4\0\0f)\210\316\277\276\312\311\0\0\31\0\0\0\0f)\0\0\0\0\24\n\00269\n\00270\n\00268\n\00271\n\00267\0\0\2\1\5\0\0f)\310\307", 32768) = 60
3908600 read(11, 0xc0002ae000, 32768)   = -1 EAGAIN (Resource temporarily unavailable)
3908600 read(11, "\0\0\10\6\1\0\0\0\0\2\4\20\20\t\16\7\7", 32768) = 17
3908600 read(11, 0xc0002ae000, 32768)   = -1 EAGAIN (Resource temporarily unavailable)
1647367 read(12, "\0\0\6\1\4\0\0003\25\210\277\330\276\372\371\0\0[\0\0\0\0003\25\0\0\0\0V\nT\n\00269\22\4RACK\32\n2015-04-09\"\n2015-04-24*0\t\0\0\0\0\0\0m@\21\0\0\0\0\0\0m@\31\0\0\0\0\0 p@\"\3KNG2\16King sized bed\0\0\2\1\5\0\0003\25\367\366", 32768) = 126
1647367 read(12, 0xc0001a6000, 32768)   = -1 EAGAIN (Resource temporarily unavailable)
1647367 read(12, "\0\0\10\6\1\0\0\0\0\2\4\20\20\t\16\7\7", 32768) = 17
1647367 read(12, 0xc0001a6000, 32768)   = -1 EAGAIN (Resource temporarily unavailable)
3908772 read(14, "\0\0\207\1\4\0\0\0001\203\206\4\217a\5\35\204\235}\305\35\204\235\215%\35\221\372\357\356\355\354\177\2\245e\360\f\22\fq\264\324\205\34b\270\343\244\4\2552A\211\346\305#\342\270\313\340\30$\30\343i\251\n8\305p\37\353\177\2\232\24\255\274\310\t*\304h/\254\320\234\"\317\312\353\353H \312'%z1\10?\177\2\227t\256\201\346\236nFex,\216W\233\vo\200\16\270\313\257\310 \227\177\2\214y\260\266\370\0\353\214\272\374\202\t\177\352\0\0'\0\1\0\0\0001\0\0\0\0\"\r\252q\27B\25\364}\364\302\32\n2015-04-10\"\n2015-04-14", 32768) = 192
3908772 read(14, 0xc00023e000, 32768)   = -1 EAGAIN (Resource temporarily unavailable)
3908772 read(14, "\0\0\10\6\1\0\0\0\0\2\4\20\20\t\16\7\7", 32768) = 17
3908772 read(14, 0xc00023e000, 32768)   = -1 EAGAIN (Resource temporarily unavailable)
3908600 read(11, "\0\0\35\1\4\0\0f+\210\316\301a\226\337i~\224\v\312C]\212\10\2e@5q\266\2564\362\230\264o\313\312\0\0\31\0\0\0\0f+\0\0\0\0\24\n\00217\n\00216\n\00218\n\00215\n\00219\0\0\2\1\5\0\0f+\311\310", 32768) = 83
3908600 read(11, 0xc0002ae000, 32768)   = -1 EAGAIN (Resource temporarily unavailable)
1647367 read(11, "\0\0\10\6\1\0\0\0\0\2\4\20\20\t\16\7\7", 32768) = 17
1647367 read(11, 0xc0002ae000, 32768)   = -1 EAGAIN (Resource temporarily unavailable)
1647367 read(8, "\0\0\36\1\5\0\0003\25\210\323\322\321a\226\337i~\224\v\312C]\212\10\2e@5q\266\2564\362\230\264o\320\317", 32768) = 39
1647367 read(8, 0xc000300000, 32768)    = -1 EAGAIN (Resource temporarily unavailable)
3908772 read(14, "\0\0\206\1\4\0\0\0003\203\206\4\217a\5\35\204\235}\305\35\204\235\215%\35\221\372\363\362\361\360\177\2\245e\220\204R\214/\2666\237\v\262\\m\301\10\"\226G\213+\242+\261\334e\220\204R\214/\2666\237\v\262\\\7\357\177\2\231+\356\214\245\221\365\204\340@\263B,k<B\tg\31h/\21\362:Q\267\177\2\227u\227\235u\347\307!\0\27\345y\322=#m\264X\332\3\244nP;\177\2\214#\3226\333E\215\240:F\345\3\277\356\0\0'\0\1\0\0\0003\0\0\0\0\"\r\252q\27B\25\364}\364\302\32\n2015-04-10\"\n2015-04-14", 32768) = 191
3908772 read(14, 0xc00023e000, 32768)   = -1 EAGAIN (Resource temporarily unavailable)
3908772 read(14, "\0\0\10\6\1\0\0\0\0\2\4\20\20\t\16\7\7", 32768) = 17
3908772 read(14, 0xc00023e000, 32768)   = -1 EAGAIN (Resource temporarily unavailable)
3908772 read(11, "\0\0\6\1\4\0\0f-\210\317\302\276\313\312\0\0\31\0\0\0\0f-\0\0\0\0\24\n\00217\n\00216\n\00218\n\00215\n\00219\0\0\2\1\5\0\0f-\311\310", 32768) = 60
3908772 read(11, 0xc0002ae000, 32768)   = -1 EAGAIN (Resource temporarily unavailable)
3908772 read(11, "\0\0\10\6\1\0\0\0\0\2\4\20\20\t\16\7\7", 32768) = 17
3908772 read(11, 0xc0002ae000, 32768)   = -1 EAGAIN (Resource temporarily unavailable)
3908772 read(12, "\0\0\35\1\4\0\0003\27\210\277\312a\226\337i~\224\v\312C]\212\10\2e@5q\266\2564\362\230\264o\373\372\0\0\261\0\0\0\0003\27\0\0\0\0\254\nT\n\00218\22\4RACK\32\n2015-04-09\"\n2015-04-17*0\t\0\0\0\0\0\200`@\21\0\0\0\0\0\200`@\31\0\0\0\0\0\300c@\"\3KNG2\16King sized bed\nT\n\00215\22\4RACK\32\n2015-04-09\"\n2015-04-24*0\t\0\0\0\0\0@[@\21\0\0\0\0\0@[@\31{\24\256G\341\312^@\"\3KNG2\16King sized bed\0\0\2\1\5\0\0003\27\370\367", 32768) = 235
3908772 read(12, 0xc0001a6000, 32768)   = -1 EAGAIN (Resource temporarily unavailable)
3908772 read(12, "\0\0\10\6\1\0\0\0\0\2\4\20\20\t\16\7\7", 32768) = 17
3908772 read(12, 0xc0001a6000, 32768)   = -1 EAGAIN (Resource temporarily unavailable)
1647367 read(14, "\0\0\313\1\4\0\0\0005\203\206\4\217a\5\35\204\235}\305\35\204\235\215%\35\221\372A\207E\235\326AGa'_\213\35u\320b\r&=LMedz\212\232\312\310\264\307`+\204\v\203@\2te\206M\2035\5\261\37\177\6\243\216A\201\271@Q\221\267\335q\333\202l\262\4\242+C([$\267#\220`nP\24dm\367\\v\340\177@\215\362\264\247\263\300\354\220\262-]\207I\377\203\235)\257\177\7\231\2202\16R\3105\202\351]Y\242\210+<H\304\264m\10\22\313 D\6\313\177\7\227\30\212\324\2567#r\263)\v#\261\215\326I \4\351#x1\226?\177\7\214\214n\262I\0'I\33\301\214\261\377@\211\362\264l\254\201\323]\5\223\0010\0\0'\0\1\0\0\0005\0\0\0\0\"\rR8\30B\25\236o\364\302\32\n2015-04-09\"\n2015-04-23", 32768) = 260
1647367 read(14, 0xc00023e000, 32768)   = -1 EAGAIN (Resource temporarily unavailable)
3908600 read(14, "\0\0\10\6\1\0\0\0\0\2\4\20\20\t\16\7\7", 32768) = 17
3908600 read(14, 0xc00023e000, 32768)   = -1 EAGAIN (Resource temporarily unavailable)
1647367 read(11, "\0\0\6\1\4\0\0f/\210\317\302\276\313\312\0\0\5\0\0\0\0f/\0\0\0\0\0\0\0\2\1\5\0\0f/\311\310", 32768) = 40
1647367 read(11, 0xc0002ae000, 32768)   = -1 EAGAIN (Resource temporarily unavailable)
725089 read(11, "\0\0\10\6\1\0\0\0\0\2\4\20\20\t\16\7\7", 32768) = 17
725089 read(11, 0xc0002ae000, 32768)    = -1 EAGAIN (Resource temporarily unavailable)
725089 read(8, "\0\0\7\1\5\0\0003\27\210\324\323\322\276\320\317", 32768) = 16
725089 read(8, 0xc000300000, 32768)     = -1 EAGAIN (Resource temporarily unavailable)
725089 read(14, "\0\0\207\1\4\0\0\0007\203\206\4\217a\5\35\204\235}\305\35\204\235\215%\35\221\372\307\306\305\304\177\4\245\23\216H7[(\202\10\333vV\2562\tH1\r\341\0m\225\3613pN9 \335l\242\10#m\331Z\270\37\303\177\3\233\2261\24n\266\312\314\264\313K4'\345Y\367\232eb\200\17K\33n\264\313\254\377\177\3\227 \244\225\302>8\334\23\3567)\\i\361\272\"\25\370\307(\232(?\177\3\213q\247\306\350\210W\343\34\242h\240\302\0\0'\0\1\0\0\0007\0\0\0\0\"\r\354\321\27B\25\205+\364\302\32\n2015-04-09\"\n2015-04-12", 32768) = 192
725089 read(14, 0xc00023e000, 32768)    = -1 EAGAIN (Resource temporarily unavailable)
725089 read(14, "\0\0\10\6\1\0\0\0\0\2\4\20\20\t\16\7\7", 32768) = 17
725089 read(14, 0xc00023e000, 32768)    = -1 EAGAIN (Resource temporarily unavailable)
3908772 read(11, "\0\0\6\1\4\0\0f1\210\317\302\276\313\312\0\0\31\0\0\0\0f1\0\0\0\0\24\n\00235\n\00234\n\00236\n\00233\n\00237\0\0\2\1\5\0\0f1\311\310", 32768) = 60
3908772 read(11, 0xc0002ae000, 32768)   = -1 EAGAIN (Resource temporarily unavailable)
3908772 read(11, "\0\0\10\6\1\0\0\0\0\2\4\20\20\t\16\7\7", 32768) = 17
3908772 read(11, 0xc0002ae000, 32768)   = -1 EAGAIN (Resource temporarily unavailable)
3908772 read(12, "\0\0\6\1\4\0\0003\31\210\300\313\276\373\372\0\0\261\0\0\0\0003\31\0\0\0\0\254\nT\n\00233\22\4RACK\32\n2015-04-09\"\n2015-04-24*0\t\0\0\0\0\0\200`@\21\0\0\0\0\0\200`@\31\0\0\0\0\0\300c@\"\3KNG2\16King sized bed\nT\n\00236\22\4RACK\32\n2015-04-09\"\n2015-04-17*0\t\0\0\0\0\0\0^@\21\0\0\0\0\0\0^@\31\0\0\0\0\0\200a@\"\3KNG2\16King sized bed\0\0\2\1\5\0\0003\31\370\367", 32768) = 212
3908772 read(12, 0xc0001a6000, 32768)   = -1 EAGAIN (Resource temporarily unavailable)
725089 read(12, "\0\0\10\6\1\0\0\0\0\2\4\20\20\t\16\7\7", 32768) = 17
725089 read(12, 0xc0001a6000, 32768)    = -1 EAGAIN (Resource temporarily unavailable)
725089 --- SIGURG {si_signo=SIGURG, si_code=SI_TKILL, si_pid=1, si_uid=0} ---
725089 read(5, "\0", 16)                = 1
725089 read(14, "\0\0\207\1\4\0\0\09\203\206\4\217a\5\35\204\235}\305\35\204\235\215%\35\221\372\313\312\311\310\177\2\245l\22\204\240\33 p2\2762\311q\307\304\331\n\333\262\0226\331i\342\334l\22\204\240\33 p2\2762\311p\37\307\177\2\232\v-\221\3402\342\303zP\254\324\254\310\264d\220+\5\267\335\vA$c\215\237\177\2\227h\1y\322\265\33m\205\331Zu\370\343)d\221\347J\343\321\262\350#\177\2\214\2162\226I\36t\256=\33.\202?\306\0\0'\0\1\0\0\09\0\0\0\0\"\rJ\f\31B\25#[\364\302\32\n2015-04-13\"\n2015-04-21", 32768) = 192
725089 read(14, 0xc00023e000, 32768)    = -1 EAGAIN (Resource temporarily unavailable)
3908772 read(14, "\0\0\10\6\1\0\0\0\0\2\4\20\20\t\16\7\7", 32768) = 17
3908772 read(14, 0xc00023e000, 32768)   = -1 EAGAIN (Resource temporarily unavailable)
725089 read(11, "\0\0\6\1\4\0\0f3\210\317\300\276\313\312\0\0\5\0\0\0\0f3\0\0\0\0\0\0\0\2\1\5\0\0f3\311\310", 32768) = 40
725089 read(11, 0xc0002ae000, 32768)    = -1 EAGAIN (Resource temporarily unavailable)
725089 read(11, "\0\0\10\6\1\0\0\0\0\2\4\20\20\t\16\7\7", 32768) = 17
725089 read(11, 0xc0002ae000, 32768)    = -1 EAGAIN (Resource temporarily unavailable)
3908772 read(8, "\0\0\7\1\5\0\0003\31\210\324\323\322\276\320\317", 32768) = 16
3908772 read(8, 0xc000300000, 32768)    = -1 EAGAIN (Resource temporarily unavailable)
725089 read(5, "\0", 16)                = 1
725089 read(14, "\0\0\205\1\4\0\0\0;\203\206\4\217a\5\35\204\235}\305\35\204\235\215%\35\221\372\317\316\315\314\177\2\244\2161\21\367\310\331Z\10\211\34\267\34nB61\265\30\233\216V\234~\344q\210\217\276F\312\320DH\345\270\37\313\177\2\233p/\5\366\335yi]r5\232,\215,1\311\"\303\221\266C\33\361\312\354m\377\177\2\226\221\362>\311\36h%}\260\4\216\2262\5\270\303\30\306 \6Y\1\177\2\213,d\vq\2061\214@\f\262\3\312\0\0'\0\1\0\0\0;\0\0\0\0\"\r7\t\30B\25\2k\364\302\32\n2015-04-21\"\n2015-04-22", 32768) = 190
725089 read(14, 0xc00023e000, 32768)    = -1 EAGAIN (Resource temporarily unavailable)
3908772 read(14, "\0\0\10\6\1\0\0\0\0\2\4\20\20\t\16\7\7", 32768) = 17
3908772 read(14, 0xc00023e000, 32768)   = -1 EAGAIN (Resource temporarily unavailable)
725089 read(11, "\0\0\6\1\4\0\0f5\210\317\300\276\313\312\0\0\31\0\0\0\0f5\0\0\0\0\24\n\00231\n\00232\n\00230\n\00233\n\00229\0\0\2\1\5\0\0f5\311\310", 32768) = 60
725089 read(11, 0xc0002ae000, 32768)    = -1 EAGAIN (Resource temporarily unavailable)
3908772 read(11, "\0\0\10\6\1\0\0\0\0\2\4\20\20\t\16\7\7", 32768) = 17
3908772 read(11, 0xc0002ae000, 32768)   = -1 EAGAIN (Resource temporarily unavailable)
725089 read(12, "\0\0\6\1\4\0\0003\33\210\300\346\276\373\372\0\0\261\0\0\0\0003\33\0\0\0\0\254\nT\n\00233\22\4RACK\32\n2015-04-09\"\n2015-04-24*0\t\0\0\0\0\0\200`@\21\0\0\0\0\0\200`@\31\0\0\0\0\0\300c@\"\3KNG2\16King sized bed\nT\n\00230\22\4RACK\32\n2015-04-09\"\n2015-04-17*0\t\0\0\0\0\0@[@\21\0\0\0\0\0@[@\31{\24\256G\341\312^@\"\3KNG2\16King sized bed\0\0\2\1\5\0\0003\33\370\367", 32768) = 212
725089 read(12, 0xc0001a6000, 32768)    = -1 EAGAIN (Resource temporarily unavailable)
3908600 read(12, "\0\0\10\6\1\0\0\0\0\2\4\20\20\t\16\7\7", 32768) = 17
3908600 read(12, 0xc0001a6000, 32768)   = -1 EAGAIN (Resource temporarily unavailable)
725089 read(14, "\0\0\206\1\4\0\0\0=\203\206\4\217a\5\35\204\235}\305\35\204\235\215%\35\221\372\323\322\321\320\177\2\244p\0j1\4n\4-4\371\1pB\23\245)\6P4\320\t,\227\34\0\32\214A\33\201\vM>@\\\7\317\177\2\232}\346G\33\340i`\274\340\326jH\333Z6C*\300\23\321\224\222\262\7\n\17\177\2\227\3n\0\222\306\343/\264V\3120\21\307\337}\341JY\32\33/K/\177\2\214#\217\276\373\302\224\26246^\226_\316\0\0'\0\1\0\0\0=\0\0\0\0\"\rR8\30B\25\236o\364\302\32\n2015-04-09\"\n2015-04-23", 32768) = 191
725089 read(14, 0xc00023e000, 32768)    = -1 EAGAIN (Resource temporarily unavailable)
725089 read(14, "\0\0\10\6\1\0\0\0\0\2\4\20\20\t\16\7\7", 32768) = 17
725089 read(14, 0xc00023e000, 32768)    = -1 EAGAIN (Resource temporarily unavailable)
3908600 read(11, "\0\0\6\1\4\0\0f7\210\317\302\276\313\312\0\0\5\0\0\0\0f7\0\0\0\0\0\0\0\2\1\5\0\0f7\311\310", 32768) = 40
3908600 read(11, 0xc0002ae000, 32768)   = -1 EAGAIN (Resource temporarily unavailable)
3908600 read(11, "\0\0\10\6\1\0\0\0\0\2\4\20\20\t\16\7\7", 32768) = 17
3908600 read(11, 0xc0002ae000, 32768)   = -1 EAGAIN (Resource temporarily unavailable)
3908600 read(8, "\0\0\7\1\5\0\0003\33\210\324\323\322\276\320\317", 32768) = 16
3908600 read(8, 0xc000300000, 32768)    = -1 EAGAIN (Resource temporarily unavailable)
1647367 read(14, "\0\0\205\1\4\0\0\0?\203\206\4\217a\5\35\204\235}\305\35\204\235\215%\35\221\372\327\326\325\324\177\2\244\v\317\224n?+o\nBF\v\215\264\26\212\311\6\370F\360\34#W\2\363\345\33\217\312\333\302\220\221\202\340\177\323\177\2\231\fch\5y\245\237,\242Y\2408E\236\220@Xc,\241\23\354\204\216I\177\2\227\20\245\226IYzG\32\3/\270G\36nG\nG\343\2267\336)G\177\2\214q\346\344p\244~9c}\342\224\177\322\0\0'\0\1\0\0\0?\0\0\0\0\"\r+\7\30B\25Fv\364\302\32\n2015-04-15\"\n2015-04-22", 32768) = 190
1647367 read(14, 0xc00023e000, 32768)   = -1 EAGAIN (Resource temporarily unavailable)
725089 read(14, "\0\0\10\6\1\0\0\0\0\2\4\20\20\t\16\7\7", 32768) = 17
725089 read(14, 0xc00023e000, 32768)    = -1 EAGAIN (Resource temporarily unavailable)
1647367 read(11, "\0\0\6\1\4\0\0f9\210\317\302\276\313\312\0\0\31\0\0\0\0f9\0\0\0\0\24\n\00229\n\00230\n\00228\n\00231\n\00227\0\0\2\1\5\0\0f9\311\310", 32768) = 60
1647367 read(11, 0xc0002ae000, 32768)   = -1 EAGAIN (Resource temporarily unavailable)
1647367 read(11, "\0\0\10\6\1\0\0\0\0\2\4\20\20\t\16\7\7", 32768) = 17
1647367 read(11, 0xc0002ae000, 32768)   = -1 EAGAIN (Resource temporarily unavailable)
1647367 read(12, "\0\0\6\1\4\0\0003\35\210\300\363\276\373\372\0\0\261\0\0\0\0003\35\0\0\0\0\254\nT\n\00227\22\4RACK\32\n2015-04-09\"\n2015-04-24*0\t\0\0\0\0\0\0_@\21\0\0\0\0\0\0_@\31\0\0\0\0\0\0b@\"\3KNG2\16King sized bed\nT\n\00230\22\4RACK\32\n2015-04-09\"\n2015-04-17*0\t\0\0\0\0\0@[@\21\0\0\0\0\0@[@\31{\24\256G\341\312^@\"\3KNG2\16King sized bed\0\0\2\1\5\0\0003\35\370\367", 32768) = 212
1647367 read(12, 0xc0001a6000, 32768)   = -1 EAGAIN (Resource temporarily unavailable)
3908600 read(12, "\0\0\10\6\1\0\0\0\0\2\4\20\20\t\16\7\7", 32768) = 17
3908600 read(12, 0xc0001a6000, 32768)   = -1 EAGAIN (Resource temporarily unavailable)
