1647367 read(12, "\0\0\6\1\4\0\0003\275\210\327\375\276\321\320\0\0\261\0\0\0\0003\275\0\0\0\0\254\nT\n\00212\22\4RACK\32\n2015-04-09\"\n2015-04-17*0\t\0\0\0\0\0\0_@\21\0\0\0\0\0\0_@\31\0\0\0\0\0\0b@\"\3KNG2\16King sized bed\nT\n\00215\22\4RACK\32\n2015-04-09\"\n2015-04-24*0\t\0\0\0\0\0@[@\21\0\0\0\0\0@[@\31{\24\256G\341\312^@\"\3KNG2\16King sized bed\0\0\2\1\5\0\0003\275\316\315", 32768) = 212
1647367 read(12, 0xc0001a6000, 32768)   = -1 EAGAIN (Resource temporarily unavailable)
3908773 read(14, "\0\0\205\1\4\0\0\1\201\203\206\4\217a\5\35\204\235}\305\35\204\235\215%\35\221\372\353\352\351\350\177\2\244\20\206\373n\0\2627(\4\333\203\270\330D\20\20\255\2626\210\350A%\301\10o\266\340\v#r\200M\270;\201\347\177\2\232xm\220\215\220\v6\31\n\263Q\310%\236$\221\254\310\\\1\t#/\t\327?\177\2\226dB\34\205\225\367D \6B\0222\224r\t\260\312&\302\333\357G\177\2\214\214\245\34\202l2\211\260\266\373\321\377\346\0\0'\0\1\0\0\1\201\0\0\0\0\"\r\305\240\27B\25\270\36\364\302\32\n2015-04-13\"\n2015-04-24\0\0\206\1\4\0\0\1\203\203\206\4\217a\5\35\204\235}\305\35\204\235\215%\35\221\372\357\356\355\354\177\2\244p,\313 ^p\245\33\216\2260\\p#\0B\310\336\225\240J\354w\34\v2\310\27\234)F\343\245\214\27\1\353\177\2\232u\267\234\34\215\266\264\243e\265\232y\347\26x\"qbJ\330[r0\272&\243\177\2\227\214\255\r\347\204\310\243p,\220b\34\214\205\367\306\0H\373M\276\334\277\177\2\214\34\214\205\367\306\0H\373M\276\334\277\352\0\0'\0\1\0\0\1\203\0\0\0\0\"\rB`\30B\25'1\364\302\32\n2015-04-21\"\n2015-04-23", 32768) = 381
3908773 read(14, 0xc00023e000, 32768)   = -1 EAGAIN (Resource temporarily unavailable)
1647367 read(12, "\0\0\10\6\1\0\0\0\0\2\4\20\20\t\16\7\7", 32768) = 17
1647367 read(12,  <unfinished ...>
3908773 read(14, "\0\0\10\6\1\0\0\0\0\2\4\20\20\t\16\7\7", 32768) = 17
3908773 read(14,  <unfinished ...>
1647367 <... read resumed>0xc0001a6000, 32768) = -1 EAGAIN (Resource temporarily unavailable)
3908773 <... read resumed>0xc00023e000, 32768) = -1 EAGAIN (Resource temporarily unavailable)
3908773 read(11, "\0\0\6\1\4\0\0g}\210\342\323\276\336\335\0\0\31\0\0\0\0g}\0\0\0\0\24\n\00245\n\00246\n\00244\n\00247\n\00243\0\0\2\1\5\0\0g}\334\333\0\0\6\1\4\0\0g{\210\342\323\276\336\335\0\0\5\0\0\0\0g{\0\0\0\0\0\0\0\2\1\5\0\0g{\334\333", 32768) = 100
3908773 read(11, 0xc0002ae000, 32768)   = -1 EAGAIN (Resource temporarily unavailable)
1647367 read(11, "\0\0\10\6\1\0\0\0\0\2\4\20\20\t\16\7\7", 32768) = 17
3908772 read(8,  <unfinished ...>
1647367 read(11,  <unfinished ...>
3908772 <... read resumed>"\0\0\7\1\5\0\0003\275\210\347\346\345\276\343\342", 32768) = 16
1647367 <... read resumed>0xc0002ae000, 32768) = -1 EAGAIN (Resource temporarily unavailable)
3908772 read(8, 0xc000300000, 32768)    = -1 EAGAIN (Resource temporarily unavailable)
3908773 read(12, "\0\0\6\1\4\0\0003\277\210\327\311\276\321\320\0\0[\0\0\0\0003\277\0\0\0\0V\nT\n\00245\22\4RACK\32\n2015-04-09\"\n2015-04-24*0\t\0\0\0\0\0@[@\21\0\0\0\0\0@[@\31{\24\256G\341\312^@\"\3KNG2\16King sized bed\0\0\2\1\5\0\0003\277\316\315", 32768) = 126
3908773 read(12, 0xc0001a6000, 32768)   = -1 EAGAIN (Resource temporarily unavailable)
1647367 read(12, "\0\0\10\6\1\0\0\0\0\2\4\20\20\t\16\7\7", 32768) = 17
1647367 read(12, 0xc0001a6000, 32768)   = -1 EAGAIN (Resource temporarily unavailable)
1647367 read(14, "\0\0\207\1\4\0\0\1\205\203\206\4\217a\5\35\204\235}\305\35\204\235\215%\35\221\372\363\362\361\360\177\2\245m\300\307$\204+1\225\307\10\6\3562\330\332\23\3624\373avQ\210\27\33p1\311!\n\314eq\302\1\273\200\357\177\2\232\224\245\23O\276\372\316I Vhl\306\263\315\276E\2009\6F\332\20\206\344\277\177\2\227\34\254\276\21H\26\206)H\370\0026_i\366\245 \37\225\246\236\224\277\177\2\214\33/\264\373R\220\17\312\323OJ_\356\0\0'\0\1\0\0\1\205\0\0\0\0\"\rd\273\27B\25\16-\364\302\32\n2015-04-20\"\n2015-04-24", 32768) = 192
1647367 read(14, 0xc00023e000, 32768)   = -1 EAGAIN (Resource temporarily unavailable)
725089 read(14, "\0\0\10\6\1\0\0\0\0\2\4\20\20\t\16\7\7", 32768) = 17
725089 read(14, 0xc00023e000, 32768)    = -1 EAGAIN (Resource temporarily unavailable)
1647367 read(11, "\0\0\6\1\4\0\0g\177\210\342\325\276\336\335\0\0\31\0\0\0\0g\177\0\0\0\0\24\n\00233\n\00232\n\00234\n\00231\n\00235\0\0\2\1\5\0\0g\177\334\333", 32768) = 60
1647367 read(11, 0xc0002ae000, 32768)   = -1 EAGAIN (Resource temporarily unavailable)
3908773 read(11, "\0\0\10\6\1\0\0\0\0\2\4\20\20\t\16\7\7", 32768) = 17
3908773 read(11, 0xc0002ae000, 32768)   = -1 EAGAIN (Resource temporarily unavailable)
1647367 read(8, "\0\0\7\1\5\0\0003\277\210\347\346\345\276\343\342", 32768) = 16
1647367 read(8, 0xc000300000, 32768)    = -1 EAGAIN (Resource temporarily unavailable)
3908772 read(14, "\0\0\315\1\4\0\0\1\207\203\206\4\217a\5\35\204\235}\305\35\204\235\215%\35\221\372A\207E\235\326AGa'_\213\35u\320b\r&=LMedz\212\232\312\310\264\307`+\204\v\203@\2te\206M\2035\5\261\37\177\6\244+\302\220/\206W\343\214Cy\313\215\224\240|\202lr\21\360\229n\25\341H\27\303+\361\306!\274\345\300\377@\215\362\264\247\263\300\354\220\262-]\207I\377\203\235)\257\177\7\232i\367\345\215\322\25i_\33K4\1\5g\344\3\353\25\346\232e\231\37|\255\265\177\7\227j9Y\220N\266'J\314o2WZ}\306\204\7B1\205\246\202\347\177\7\214u\247\334h@t#\30Zh.\177@\211\362\264l\254\201\323]\5\223\0010\0\0'\0\1\0\0\1\207\0\0\0\0\"\r\211A\30B\25\305\340\363\302\32\n2015-04-09\"\n2015-04-24", 32768) = 262
3908772 read(14, 0xc00023e000, 32768)   = -1 EAGAIN (Resource temporarily unavailable)
3908773 read(14, "\0\0\10\6\1\0\0\0\0\2\4\20\20\t\16\7\7", 32768) = 17
3908773 read(14, 0xc00023e000, 32768)   = -1 EAGAIN (Resource temporarily unavailable)
725089 read(11, "\0\0\6\1\4\0\0g\201\210\342\323\276\336\335\0\0\31\0\0\0\0g\201\0\0\0\0\24\n\00253\n\00254\n\00252\n\00255\n\00251\0\0\2\1\5\0\0g\201\334\333", 32768) = 60
725089 read(11, 0xc0002ae000, 32768)    = -1 EAGAIN (Resource temporarily unavailable)
725089 read(11, "\0\0\10\6\1\0\0\0\0\2\4\20\20\t\16\7\7", 32768) = 17
725089 read(11, 0xc0002ae000, 32768)    = -1 EAGAIN (Resource temporarily unavailable)
725089 read(12, "\0\0\35\1\4\0\0003\301\210\327\342a\226\337i~\224\v\312C]\212\10\2e@5q\266\356\1\3251h\337\322\321\0\0\261\0\0\0\0003\301\0\0\0\0\254\nT\n\00254\22\4RACK\32\n2015-04-09\"\n2015-04-17*0\t\0\0\0\0\0\0m@\21\0\0\0\0\0\0m@\31\0\0\0\0\0 p@\"\3KNG2\16King sized bed\nT\n\00251\22\4RACK\32\n2015-04-09\"\n2015-04-24*0\t\0\0\0\0\0\0^@\21\0\0\0\0\0\0^@\31\0\0\0\0\0\200a@\"\3KNG2\16King sized bed\0\0\2\1\5\0\0003\301\317\316", 32768) = 235
725089 read(12, 0xc0001a6000, 32768)    = -1 EAGAIN (Resource temporarily unavailable)
725089 read(12, "\0\0\10\6\1\0\0\0\0\2\4\20\20\t\16\7\7", 32768) = 17
725089 read(12, 0xc0001a6000, 32768)    = -1 EAGAIN (Resource temporarily unavailable)
725089 read(14, "\0\0\207\1\4\0\0\1\211\203\206\4\217a\5\35\204\235}\305\35\204\235\215%\35\221\372\307\306\305\304\177\4\245fH\301!@\370\35t\200+\215\\\23\221\310H\304A86H\343\217\334fH\301!@\370\35t\200+\215\\\7\303\177\3\232u\242\214\205\216U\2101:\263A\220\253=\31H\260ex\2556\363`q\251\177\177\3\227#M\266\27\310\373%\31dx-\26W%l\22\205\311F\343\240|\237\177\3\214,\256J\330%\v\222\215\307@\371?\302\0\0'\0\1\0\0\1\211\0\0\0\0\"\r\337O\27B\25\0\200\364\302\32\n2015-04-10\"\n2015-04-16", 32768) = 192
725089 read(14, 0xc00023e000, 32768)    = -1 EAGAIN (Resource temporarily unavailable)
725089 read(14, "\0\0\10\6\1\0\0\0\0\2\4\20\20\t\16\7\7", 32768) = 17
725089 read(14, 0xc00023e000, 32768)    = -1 EAGAIN (Resource temporarily unavailable)
725089 read(11, "\0\0\6\1\4\0\0g\203\210\342\325\276\336\335\0\0\31\0\0\0\0g\203\0\0\0\0\24\n\00214\n\00215\n\00213\n\00216\n\00212\0\0\2\1\5\0\0g\203\334\333", 32768) = 60
725089 read(11, 0xc0002ae000, 32768)    = -1 EAGAIN (Resource temporarily unavailable)
3908772 read(11, "\0\0\10\6\1\0\0\0\0\2\4\20\20\t\16\7\7", 32768) = 17
1647367 read(8,  <unfinished ...>
3908772 read(11,  <unfinished ...>
1647367 <... read resumed>"\0\0\7\1\5\0\0003\301\210\347\346\345\276\343\342", 32768) = 16
3908772 <... read resumed>0xc0002ae000, 32768) = -1 EAGAIN (Resource temporarily unavailable)
1647367 read(8, 0xc000300000, 32768)    = -1 EAGAIN (Resource temporarily unavailable)
3908772 read(14, "\0\0\210\1\4\0\0\1\213\203\206\4\217a\5\35\204\235}\305\35\204\235\215%\35\221\372\313\312\311\310\177\2\246nB\r\342;#\356H\21\214\256\334pq\267,\221\270\353R8\314b-\306\344 \336#\262>\344\201\30\312\355\300\177\307\177\2\232i\371e\10\245u`\214O,\323\304\215g\243+\313F\0\264\333-\215\267\213\37\177\2\227\215\261\276\30\334\2227\237\1\n\374bd\22\274&\305,\261\212V\237\223\177\2\214\23 \225\3416)e\214R\264\374\237\306\0\0'\0\1\0\0\1\213\0\0\0\0\"\r\205k\27B\25\232Y\364\302\32\n2015-04-11\"\n2015-04-16", 32768) = 193
3908772 read(14, 0xc00023e000, 32768)   = -1 EAGAIN (Resource temporarily unavailable)
1647367 read(14, "\0\0\10\6\1\0\0\0\0\2\4\20\20\t\16\7\7", 32768) = 17
1647367 read(14, "\0\0\210\1\4\0\0\1\215\203\206\4\217a\5\35\204\235}\305\35\204\235\215%\35\221\372\317\316\315\314\177\2\246m\267\234e\270\310\t$z6\304\355\306\301\31G\34\202\33\322\266\343\221\275q\266\336q\226\343 $\221\350\333\23\267\1\313\177\2\232l/\276W\\}a\270P,\321D\342\321\226A\255!\1 \36#e\v\216\177\177\2\227$r8\363\357\266\311\35\23n\0\215\21\222\274\330\302\371\7,q\211\277\177\2\214h\214\225\346\306\27\3109c\214M\377\312\0\0'\0\1\0\0\1\215\0\0\0\0\"\r\317\367\27B\25\254\\\364\302\32\n2015-04-19\"\n2015-04-24", 32768) = 193
1647367 read(14, 0xc00023e000, 32768)   = -1 EAGAIN (Resource temporarily unavailable)
3908772 read(11, "\0\0\6\1\4\0\0g\205\210\342\325\276\336\335\0\0\31\0\0\0\0g\205\0\0\0\0\24\n\00221\n\00222\n\00220\n\00223\n\00219\0\0\2\1\5\0\0g\205\334\333", 32768) = 60
725089 read(14, "\0\0\10\6\1\0\0\0\0\2\4\20\20\t\16\7\7", 32768) = 17
3908772 read(11,  <unfinished ...>
725089 read(14,  <unfinished ...>
3908772 <... read resumed>0xc0002ae000, 32768) = -1 EAGAIN (Resource temporarily unavailable)
725089 <... read resumed>0xc00023e000, 32768) = -1 EAGAIN (Resource temporarily unavailable)
3908772 read(11, "\0\0\6\1\4\0\0g\207\210\342\325\276\336\335\0\0\31\0\0\0\0g\207\0\0\0\0\24\n\00232\n\00231\n\00233\n\00230\n\00234\0\0\2\1\5\0\0g\207\334\333\0\0\10\6\1\0\0\0\0\2\4\20\20\t\16\7\7", 32768) = 77
3908772 read(11, 0xc0002ae000, 32768)   = -1 EAGAIN (Resource temporarily unavailable)
1647367 read(8, "\0\0\7\1\5\0\0003\303\210\347\346\345\276\343\342", 32768) = 16
1647367 read(8, 0xc000300000, 32768)    = -1 EAGAIN (Resource temporarily unavailable)
725089 read(12, "\0\0\t\1\4\0\0003\303\210\330\177\v\0014\277\323\322\0\0[\0\0\0\0003\303\0\0\0\0V\nT\n\00221\22\4RACK\32\n2015-04-09\"\n2015-04-24*0\t\0\0\0\0\0\0^@\21\0\0\0\0\0\0^@\31\0\0\0\0\0\200a@\"\3KNG2\16King sized bed\0\0\2\1\5\0\0003\303\320\317", 32768) = 129
725089 read(12, 0xc0001a6000, 32768)    = -1 EAGAIN (Resource temporarily unavailable)
725089 read(12, "\0\0\10\6\1\0\0\0\0\2\4\20\20\t\16\7\7", 32768) = 17
725089 read(12, 0xc0001a6000, 32768)    = -1 EAGAIN (Resource temporarily unavailable)
725089 read(14, "\0\0\210\1\4\0\0\1\217\203\206\4\217a\5\35\204\235}\305\35\204\235\215%\35\221\372\323\322\321\320\177\2\247pQ\275+,\221\311\36i\230\336\25\307]\222G\335x-\215\346Z\222G.8(\336\225\226H\344\2174\314o\n\340?\317\177\2\232\33\222\6Q\306\332\301\33dY\240\266\25\236l\215-\30\37e\230\345\21\31(?\177\2\227\221\367_}\251\31 \0\350I#\322\20.\2620\312\21J\370\3102\377\177\2\213\220\201u\221\206P\212W\306A\227\316\0\0'\0\1\0\0\1\217\0\0\0\0\"\r\236o\27B\25}\377\363\302\32\n2015-04-09\"\n2015-04-14", 32768) = 193
725089 read(14, 0xc00023e000, 32768)    = -1 EAGAIN (Resource temporarily unavailable)
1647367 read(14, "\0\0\10\6\1\0\0\0\0\2\4\20\20\t\16\7\7", 32768) = 17
1647367 read(14, 0xc00023e000, 32768)   = -1 EAGAIN (Resource temporarily unavailable)
1647367 read(11, "\0\0\6\1\4\0\0g\211\210\342\323\276\336\335\0\0\5\0\0\0\0g\211\0\0\0\0\0\0\0\2\1\5\0\0g\211\334\333", 32768) = 40
1647367 read(11, 0xc0002ae000, 32768)   = -1 EAGAIN (Resource temporarily unavailable)
3908772 read(11, "\0\0\10\6\1\0\0\0\0\2\4\20\20\t\16\7\7", 32768) = 17
3908772 read(11, 0xc0002ae000, 32768)   = -1 EAGAIN (Resource temporarily unavailable)
3908772 read(12, "\0\0\6\1\4\0\0003\305\210\331\372\277\323\322\0\0\5\0\0\0\0003\305\0\0\0\0\0\0\0\2\1\5\0\0003\305\320\317", 32768) = 40
3908772 read(12, 0xc0001a6000, 32768)   = -1 EAGAIN (Resource temporarily unavailable)
3908772 read(12, "\0\0\10\6\1\0\0\0\0\2\4\20\20\t\16\7\7", 32768) = 17
3908772 read(12, 0xc0001a6000, 32768)   = -1 EAGAIN (Resource temporarily unavailable)
1647367 read(14, "\0\0\207\1\4\0\0\1\221\203\206\4\217a\5\35\204\235}\305\35\204\235\215%\35\221\372\327\326\325\324\177\2\245d\262\264&\202W\200\313-<\353\327\35\0\300AF1\5\350\313(\344\270\311ehM\4\257\1\226Zy\327\256\3\323\177\2\232 Yz9\\\215b\200DY\251\33*\321\270W\226+\321\277#\343\3\217\0?\177\2\227i\221\214\22\274\310\202\353\361\224\216\1\300:P\270\344\202\33M\312\313?\177\2\214\3\200t\241q\311\0046\233\225\226\177\322\0\0'\0\1\0\0\1\221\0\0\0\0\"\r\266\363\30B\25\240\332\363\302\32\n2015-04-17\"\n2015-04-20", 32768) = 192
1647367 read(14, 0xc00023e000, 32768)   = -1 EAGAIN (Resource temporarily unavailable)
725089 read(14, "\0\0\10\6\1\0\0\0\0\2\4\20\20\t\16\7\7", 32768) = 17
725089 read(14, 0xc00023e000, 32768)    = -1 EAGAIN (Resource temporarily unavailable)
1647367 read(11, "\0\0\6\1\4\0\0g\213\210\342\323\276\336\335\0\0\31\0\0\0\0g\213\0\0\0\0\24\n\00268\n\00267\n\00269\n\00266\n\00270\0\0\2\1\5\0\0g\213\334\333", 32768) = 60
1647367 read(11, 0xc0002ae000, 32768)   = -1 EAGAIN (Resource temporarily unavailable)
1647367 read(5, "\0", 16)               = 1
1647367 read(11, "\0\0\10\6\1\0\0\0\0\2\4\20\20\t\16\7\7", 32768) = 17
1647367 read(11, 0xc0002ae000, 32768)   = -1 EAGAIN (Resource temporarily unavailable)
1647367 read(8, "\0\0\7\1\5\0\0003\305\210\347\346\345\276\343\342", 32768) = 16
1647367 read(8, 0xc000300000, 32768)    = -1 EAGAIN (Resource temporarily unavailable)
1647367 read(14, "\0\0\210\1\4\0\0\1\223\203\206\4\217a\5\35\204\235}\305\35\204\235\215%\35\221\372\333\332\331\330\177\2\246m\226enY$\20\312)\n\344w\32|n\310P\220\r\266Y\32\2247\33e\231[\226I\0042\212B\271\35\300\177\327\177\2\232u\246J\313.\215i\33i\325\232pM\2546\301*\305p\22<0\271\33\255;\177\2\227$\214\216V\204H\331\v \33Dm\36181\5\351^\24o\221\266\177\177\2\214m\36181\5\351^\24o\221\266\177\326\0\0'\0\1\0\0\1\223\0\0\0\0\"\r\305\240\27B\25\270\36\364\302\32\n2015-04-13\"\n2015-04-24", 32768) = 193
1647367 read(14, 0xc00023e000, 32768)   = -1 EAGAIN (Resource temporarily unavailable)
1647367 read(5, "\0", 16)               = 1
1647367 read(14, "\0\0\10\6\1\0\0\0\0\2\4\20\20\t\16\7\7", 32768) = 17
1647367 read(14, 0xc00023e000, 32768)   = -1 EAGAIN (Resource temporarily unavailable)
3908773 read(11, "\0\0\6\1\4\0\0g\215\210\342\323\276\336\335\0\0\5\0\0\0\0g\215\0\0\0\0\0\0\0\2\1\5\0\0g\215\334\333", 32768) = 40
3908773 read(11, 0xc0002ae000, 32768)   = -1 EAGAIN (Resource temporarily unavailable)
3908772 read(14, "\0\0\207\1\4\0\0\1\225\203\206\4\217a\5\35\204\235}\305\35\204\235\215%\35\221\372\337\336\335\334\177\2\245t\243\226G\306\373Q\312\370\34}\253\221\215\347\243 E(\310H\335f\343\245\34\262>7\332\216W\300\343\355\\\7\333\177\2\232\216FF\20\267\"\3166\353\3134\354\243Y\340\276\312\315\224\202}\247\210\344\222\17\177\2\227i\362\274\370Z\214n\t\360\25\300\r\350\344\31\32#\316\273\31G\34\277\177\2\214\33\321\31024G\235v2\2169\177\332\0\0'\0\1\0\0\1\225\0\0\0\0\"\rd\273\27B\25\16-\364\302\32\n2015-04-20\"\n2015-04-24", 32768) = 192
3908772 read(14, 0xc00023e000, 32768)   = -1 EAGAIN (Resource temporarily unavailable)
3908773 read(12, "\0\0\6\1\4\0\0003\307\210\331\363\277\323\322\0\0\5\0\0\0\0003\307\0\0\0\0\0\0\0\2\1\5\0\0003\307\320\317", 32768) = 40
3908773 read(12,  <unfinished ...>
1647367 read(11,  <unfinished ...>
3908772 read(14,  <unfinished ...>
1647367 <... read resumed>"\0\0\10\6\1\0\0\0\0\2\4\20\20\t\16\7\7", 32768) = 17
3908772 <... read resumed>"\0\0\10\6\1\0\0\0\0\2\4\20\20\t\16\7\7", 32768) = 17
3908773 <... read resumed>0xc0001a6000, 32768) = -1 EAGAIN (Resource temporarily unavailable)
3908772 read(14,  <unfinished ...>
1647367 read(11,  <unfinished ...>
3908772 <... read resumed>0xc00023e000, 32768) = -1 EAGAIN (Resource temporarily unavailable)
1647367 <... read resumed>0xc0002ae000, 32768) = -1 EAGAIN (Resource temporarily unavailable)
3908600 read(12, "\0\0\10\6\1\0\0\0\0\2\4\20\20\t\16\7\7", 32768) = 17
3908600 read(12, 0xc0001a6000, 32768)   = -1 EAGAIN (Resource temporarily unavailable)
3908600 read(11, "\0\0\6\1\4\0\0g\217\210\342\325\276\336\335\0\0\31\0\0\0\0g\217\0\0\0\0\24\n\00233\n\00232\n\00234\n\00231\n\00235\0\0\2\1\5\0\0g\217\334\333", 32768) = 60
3908600 read(11, 0xc0002ae000, 32768)   = -1 EAGAIN (Resource temporarily unavailable)
725089 read(11, "\0\0\10\6\1\0\0\0\0\2\4\20\20\t\16\7\7", 32768) = 17
725089 read(11, 0xc0002ae000, 32768)    = -1 EAGAIN (Resource temporarily unavailable)
725089 read(8, "\0\0\7\1\5\0\0003\307\210\347\346\345\276\343\342", 32768) = 16
725089 read(8, 0xc000300000, 32768)     = -1 EAGAIN (Resource temporarily unavailable)
3908600 read(14, "\0\0\210\1\4\0\0\1\227\203\206\4\217a\5\35\204\235}\305\35\204\235\215%\35\221\372\343\342\341\340\177\2\246u\367\243\214\2|\254\225\227\233\30\256:\21\2067\244i\260;\33R\270\335\307_z8\300'\312\311Yy\261\212\340?\337\177\2\232fGD\20\264\332\302\20\231Y\251[ma\200\16-+#\3B#2\0162\177\177\2\227\34\255FF\313)\\\vN\276\27^+at\242q\331e\221\247\232k\177\2\214x\255\205\322\211\307e\226F\236i\257\336\0\0'\0\1\0\0\1\227\0\0\0\0\"\r\333\371\27B\25=\n\364\302\32\n2015-04-22\"\n2015-04-24", 32768) = 193
3908600 read(14, 0xc00023e000, 32768)   = -1 EAGAIN (Resource temporarily unavailable)
3908600 read(14, "\0\0\10\6\1\0\0\0\0\2\4\20\20\t\16\7\7", 32768) = 17
3908600 read(14, 0xc00023e000, 32768)   = -1 EAGAIN (Resource temporarily unavailable)
725089 read(11, "\0\0\6\1\4\0\0g\221\210\342\325\276\336\335\0\0\31\0\0\0\0g\221\0\0\0\0\24\n\00242\n\00243\n\00241\n\00244\n\00240\0\0\2\1\5\0\0g\221\334\333", 32768) = 60
725089 read(11, 0xc0002ae000, 32768)    = -1 EAGAIN (Resource temporarily unavailable)
3908773 read(11, "\0\0\10\6\1\0\0\0\0\2\4\20\20\t\16\7\7", 32768) = 17
3908773 read(11, 0xc0002ae000, 32768)   = -1 EAGAIN (Resource temporarily unavailable)
3908773 read(12, "\0\0\6\1\4\0\0003\311\210\331\344\277\323\322\0\0[\0\0\0\0003\311\0\0\0\0V\nT\n\00242\22\4RACK\32\n2015-04-09\"\n2015-04-17*0\t\0\0\0\0\0\0_@\21\0\0\0\0\0\0_@\31\0\0\0\0\0\0b@\"\3KNG2\16King sized bed\0\0\2\1\5\0\0003\311\320\317", 32768) = 126
3908773 read(12, 0xc0001a6000, 32768)   = -1 EAGAIN (Resource temporarily unavailable)
3908773 read(12, "\0\0\10\6\1\0\0\0\0\2\4\20\20\t\16\7\7", 32768) = 17
3908773 read(12, 0xc0001a6000, 32768)   = -1 EAGAIN (Resource temporarily unavailable)
3908773 read(14, "\0\0\206\1\4\0\0\1\231\203\206\4\217a\5\35\204\235}\305\35\204\235\215%\35\221\372\347\346\345\344\177\2\246\24\222H\374\217J\6\343e\226\237n\343\"i\341:\360\237l\0\3\261\206\340\244\222G\344zP7\33,\264\373w\1\343\177\2\232\30\243!@\353\253G\33\317\254\323\255<\260\302\27\26fG\200\350_$`\216?\177\2\226\220\245q\221\2221\201\371F\370\31l\222\211\226\337\v\317\201\261\200\3\177\2\213l\222\211\226\337\v\317\201\261\200\3\342\0\0'\0\1\0\0\1\231\0\0\0\0\"\r\317\367\27B\25\254\\\364\302\32\n2015-04-19\"\n2015-04-24", 32768) = 191
3908773 read(14, 0xc00023e000, 32768)   = -1 EAGAIN (Resource temporarily unavailable)
725089 read(14, "\0\0\10\6\1\0\0\0\0\2\4\20\20\t\16\7\7", 32768) = 17
725089 read(14, 0xc00023e000, 32768)    = -1 EAGAIN (Resource temporarily unavailable)
725089 read(11, "\0\0\6\1\4\0\0g\223\210\342\323\276\336\335\0\0\31\0\0\0\0g\223\0\0\0\0\24\n\00232\n\00231\n\00233\n\00230\n\00234\0\0\2\1\5\0\0g\223\334\333", 32768) = 60
725089 read(11, 0xc0002ae000, 32768)    = -1 EAGAIN (Resource temporarily unavailable)
3908773 read(11, "\0\0\10\6\1\0\0\0\0\2\4\20\20\t\16\7\7", 32768) = 17
3908773 read(11, 0xc0002ae000, 32768)   = -1 EAGAIN (Resource temporarily unavailable)
3908773 read(8, "\0\0\36\1\5\0\0003\311\210\347\346\345a\226\337i~\224\v\312C]\212\10\2e@5q\266\356\1\3451h\337\344\343", 32768) = 39
3908773 read(8, 0xc000300000, 32768)    = -1 EAGAIN (Resource temporarily unavailable)
3908773 read(14, "\0\0\210\1\4\0\0\1\233\203\206\4\217a\5\35\204\235}\305\35\204\235\215%\35\221\372\353\352\351\350\177\2\246l\214\262\324l\2229\32m\260\211\313\215\20/F\6\345\225\310\304\1\276[\215\221\226Z\215\222G#M\266\219p\37\347\177\2\232y\250\335+2:\263\256\205\345\232y\367\226\33/\205i$\3\245\220b\23\2173\177\2\227i\360\276\351%jH\337t\222\210\240\0\7+\317=#\245y\231c\17\177\2\214\0\09^y\351\35+\314\313\30\177\346\0\0'\0\1\0\0\1\233\0\0\0\0\"\r\337O\27B\25\0\200\364\302\32\n2015-04-10\"\n2015-04-16", 32768) = 193
3908773 read(14, 0xc00023e000, 32768)   = -1 EAGAIN (Resource temporarily unavailable)
3908772 read(14, "\0\0\10\6\1\0\0\0\0\2\4\20\20\t\16\7\7", 32768) = 17
3908772 read(14, 0xc00023e000, 32768)   = -1 EAGAIN (Resource temporarily unavailable)
3908773 read(11, "\0\0\6\1\4\0\0g\225\210\342\325\276\336\335\0\0\31\0\0\0\0g\225\0\0\0\0\24\n\00214\n\00215\n\00213\n\00216\n\00212\0\0\2\1\5\0\0g\225\334\333", 32768) = 60
3908773 read(11, 0xc0002ae000, 32768)   = -1 EAGAIN (Resource temporarily unavailable)
3908772 read(11, "\0\0\10\6\1\0\0\0\0\2\4\20\20\t\16\7\7", 32768) = 17
3908772 read(11, 0xc0002ae000, 32768)   = -1 EAGAIN (Resource temporarily unavailable)
3908772 read(12, "\0\0\6\1\4\0\0003\313\210\331\344\277\323\322\0\0\261\0\0\0\0003\313\0\0\0\0\254\nT\n\00212\22\4RACK\32\n2015-04-09\"\n2015-04-17*0\t\0\0\0\0\0\0_@\21\0\0\0\0\0\0_@\31\0\0\0\0\0\0b@\"\3KNG2\16King sized bed\nT\n\00215\22\4RACK\32\n2015-04-09\"\n2015-04-24*0\t\0\0\0\0\0@[@\21\0\0\0\0\0@[@\31{\24\256G\341\312^@\"\3KNG2\16King sized bed\0\0\2\1\5\0\0003\313\320\317", 32768) = 212
3908772 read(12, 0xc0001a6000, 32768)   = -1 EAGAIN (Resource temporarily unavailable)
3908773 read(12, "\0\0\10\6\1\0\0\0\0\2\4\20\20\t\16\7\7", 32768) = 17
3908773 read(12, 0xc0001a6000, 32768)   = -1 EAGAIN (Resource temporarily unavailable)
725089 read(14, "\0\0\207\1\4\0\0\1\235\203\206\4\217a\5\35\204\235}\305\35\204\235\215%\35\221\372\357\356\355\354\177\2\245jG\31\4\222H\354n\264\323\202\270\320\312W\243u\250\335\4\217\224$\270\324\2162\t$\221\330\335i\247\5p?\353\177\2\232\216I\0100>5\243d\2Y\247Zya\267#+<\370\10\350\337\v\215HO\177\2\227\30\5!B\363\255\270Vd\34\244t\243#\362408\371\35l\17\377\177\2\214t\243#\362408\371\35l\17\377\352\0\0'\0\1\0\0\1\235\0\0\0\0\"\rB`\30B\25'1\364\302\32\n2015-04-21\"\n2015-04-23", 32768) = 192
725089 read(14, 0xc00023e000, 32768)    = -1 EAGAIN (Resource temporarily unavailable)
3908600 read(14, "\0\0\10\6\1\0\0\0\0\2\4\20\20\t\16\7\7", 32768) = 17
3908600 read(14, 0xc00023e000, 32768)   = -1 EAGAIN (Resource temporarily unavailable)
725089 read(11, "\0\0\35\1\4\0\0g\227\210\342\323a\226\337i~\224\v\312C]\212\10\2e@5q\266\356\1\3451h\337\337\336\0\0\31\0\0\0\0g\227\0\0\0\0\24\n\00245\n\00246\n\00244\n\00247\n\00243\0\0\2\1\5\0\0g\227\335\334", 32768) = 83
725089 read(11, 0xc0002ae000, 32768)    = -1 EAGAIN (Resource temporarily unavailable)
725089 read(11, "\0\0\10\6\1\0\0\0\0\2\4\20\20\t\16\7\7", 32768) = 17
725089 read(11, 0xc0002ae000, 32768)    = -1 EAGAIN (Resource temporarily unavailable)
725089 read(8, "\0\0\7\1\5\0\0003\313\210\350\347\346\276\344\343", 32768) = 16
725089 read(8, 0xc000300000, 32768)     = -1 EAGAIN (Resource temporarily unavailable)
725089 read(5, "\0", 16)                = 1
725089 read(14, "\0\0\207\1\4\0\0\1\237\203\206\4\217a\5\35\204\235}\305\35\204\235\215%\35\221\372\363\362\361\360\177\2\245i\351c\23\343\220 \v\222\24/\\\10\312\323\222\270\333N5#\245\20\2564\364\261\211\361\310\20\5\311\n\27\256\3\357\177\2\232\24\242\t\33\34\2538\354\215,\324\215\276\260\310!-\33C\3\357H\321J\22\377\177\2\227\224Q\266\31\0\27\36u\241\221\360F\343\357\274\353\344\1%tD\214\277\177\2\214\215\307\337y\327\310\2J\350\211\31\177\356\0\0'\0\1\0\0\1\237\0\0\0\0\"\r\236o\27B\25}\377\363\302\32\n2015-04-09\"\n2015-04-14", 32768) = 192
725089 read(14, 0xc00023e000, 32768)    = -1 EAGAIN (Resource temporarily unavailable)
3908600 read(14, "\0\0\10\6\1\0\0\0\0\2\4\20\20\t\16\7\7", 32768) = 17
3908600 read(14, 0xc00023e000, 32768)   = -1 EAGAIN (Resource temporarily unavailable)
3908600 read(11, "\0\0\6\1\4\0\0g\231\210\343\324\276\337\336\0\0\5\0\0\0\0g\231\0\0\0\0\0\0\0\2\1\5\0\0g\231\335\334", 32768) = 40
3908600 read(11, 0xc0002ae000, 32768)   = -1 EAGAIN (Resource temporarily unavailable)
3908772 read(11, "\0\0\10\6\1\0\0\0\0\2\4\20\20\t\16\7\7", 32768) = 17
3908772 read(11, 0xc0002ae000, 32768)   = -1 EAGAIN (Resource temporarily unavailable)
3908772 read(12, "\0\0\35\1\4\0\0003\315\210\331\363a\226\337i~\224\v\312C]\212\10\2e@5q\266\356\1\3451h\337\324\323\0\0\5\0\0\0\0003\315\0\0\0\0\0\0\0\2\1\5\0\0003\315\321\320", 32768) = 63
3908772 read(12, 0xc0001a6000, 32768)   = -1 EAGAIN (Resource temporarily unavailable)
3908772 read(12, "\0\0\10\6\1\0\0\0\0\2\4\20\20\t\16\7\7", 32768) = 17
3908772 read(12, 0xc0001a6000, 32768)   = -1 EAGAIN (Resource temporarily unavailable)
725089 read(14, "\0\0\316\1\4\0\0\1\241\203\206\4\217a\5\35\204\235}\305\35\204\235\215%\35\221\372A\207E\235\326AGa'_\213\35u\320b\r&=LMedz\212\232\312\310\264\307`+\204\v\203@\2te\206M\2035\5\261\37\177\6\245lb\224\f\215\227\236 %vP\\p\257\274\343\262\214B|r\274\324\227\33\30\245\3#e\347\210\t]\224\27\1@\215\362\264\247\263\300\354\220\262-]\207I\377\203\235)\257\177\7\232\0d\vn6%\234rQ\254\324cua\266\343\353\n7\306\350\\+\257\306\377\177\7\227lB\225\366^x/>\310\202\313\340\23B\221\221\262\324au\222<O\177\7\214\0\232\24\214\215\226\243\v\254\221\342\177@\211\362\264l\254\201\323]\5\223\0010\0\0'\0\1\0\0\1\241\0\0\0\0\"\r\266\363\30B\25\240\332\363\302\32\n2015-04-17\"\n2015-04-20", 32768) = 263
725089 read(14, 0xc00023e000, 32768)    = -1 EAGAIN (Resource temporarily unavailable)
725089 read(14, "\0\0\10\6\1\0\0\0\0\2\4\20\20\t\16\7\7", 32768) = 17
725089 read(14, 0xc00023e000, 32768)    = -1 EAGAIN (Resource temporarily unavailable)
3908600 read(11, "\0\0\6\1\4\0\0g\233\210\343\326\276\337\336\0\0\31\0\0\0\0g\233\0\0\0\0\24\n\00268\n\00267\n\00269\n\00266\n\00270\0\0\2\1\5\0\0g\233\335\334", 32768) = 60
3908600 read(11, 0xc0002ae000, 32768)   = -1 EAGAIN (Resource temporarily unavailable)
725089 read(11, "\0\0\10\6\1\0\0\0\0\2\4\20\20\t\16\7\7", 32768) = 17
725089 read(11, 0xc0002ae000, 32768)    = -1 EAGAIN (Resource temporarily unavailable)
725089 read(8, "\0\0\7\1\5\0\0003\315\210\350\347\346\276\344\343", 32768) = 16
725089 read(8, 0xc000300000, 32768)     = -1 EAGAIN (Resource temporarily unavailable)
725089 read(14, "\0\0\210\1\4\0\0\1\243\203\206\4\217a\5\35\204\235}\305\35\204\235\215%\35\221\372\307\306\305\304\177\4\246e\327]\215\231C\33L\277,\261\311q\246_t\254\270\350B'\10W\3562\353\256\306\314\241\215\246_\226X\344\270\17\303\177\3\232y\266eq\262\tg\334\225\345\232\3\254\25422\362\321\312\30\310\27H\313\304\17\177\3\227(\231\10\233\v\362\264\313\2552&\307+\240y\241J\314r\270H\311'\177\3\214\34\256\201\346\205+1\312\341#$\237\302\0\0'\0\1\0\0\1\243\0\0\0\0\"\rB`\30B\25'1\364\302\32\n2015-04-21\"\n2015-04-23", 32768) = 193
725089 read(14, 0xc00023e000, 32768)    = -1 EAGAIN (Resource temporarily unavailable)
1647367 read(14, "\0\0\10\6\1\0\0\0\0\2\4\20\20\t\16\7\7", 32768) = 17
1647367 read(14, 0xc00023e000, 32768)   = -1 EAGAIN (Resource temporarily unavailable)
1647367 read(11, "\0\0\35\1\4\0\0g\235\210\343\326a\226\337i~\224\v\312C]\212\10\2e@5q\266\356\1\3651h\337\340\337\0\0\31\0\0\0\0g\235\0\0\0\0\24\n\00245\n\00246\n\00244\n\00247\n\00243\0\0\2\1\5\0\0g\235\336\335", 32768) = 83
1647367 read(11, 0xc0002ae000, 32768)   = -1 EAGAIN (Resource temporarily unavailable)
725089 --- SIGURG {si_signo=SIGURG, si_code=SI_TKILL, si_pid=1, si_uid=0} ---
3908772 read(11, "\0\0\10\6\1\0\0\0\0\2\4\20\20\t\16\7\7", 32768) = 17
3908772 read(11, 0xc0002ae000, 32768)   = -1 EAGAIN (Resource temporarily unavailable)
3908772 read(14, "\0\0\206\1\4\0\0\1\245\203\206\4\217a\5\35\204\235}\305\35\204\235\215%\35\221\372\313\312\311\310\177\2\246l\215\211\340\274\334\221\307)\t\33\267\34\3\341\34\214\276P\274\353\255\306\355\306\310\330\236\v\315\311\34r\220\221\273p\37\307\177\2\231e\260\270\361F\322\302\0\243Y\251\34ya\210Q\254\310\202'\335\4\214\220\1\177\2\227\220\217\214N\267)]\2222J\324\214\221\3608\360\210\7\206\323 t\37\177\2\213d\217\201\307\204@<6\231\3\240\306\0\0'\0\1\0\0\1\245\0\0\0\0\"\r\376\324\27B\25-2\364\302\32\n2015-04-17\"\n2015-04-23", 32768) = 191
3908772 read(14, 0xc00023e000, 32768)   = -1 EAGAIN (Resource temporarily unavailable)
725089 read(12, "\0\0\6\1\4\0\0003\317\210\332\277\276\324\323\0\0[\0\0\0\0003\317\0\0\0\0V\nT\n\00245\22\4RACK\32\n2015-04-09\"\n2015-04-24*0\t\0\0\0\0\0@[@\21\0\0\0\0\0@[@\31{\24\256G\341\312^@\"\3KNG2\16King sized bed\0\0\2\1\5\0\0003\317\321\320", 32768) = 126
3908772 read(14, "\0\0\10\6\1\0\0\0\0\2\4\20\20\t\16\7\7", 32768) = 17
725089 read(12,  <unfinished ...>
3908772 read(14, 0xc00023e000, 32768)   = -1 EAGAIN (Resource temporarily unavailable)
725089 <... read resumed>0xc0001a6000, 32768) = -1 EAGAIN (Resource temporarily unavailable)
725089 read(12,  <unfinished ...>
1647367 read(11, "\0\0\6\1\4\0\0g\237\210\344\327\276\340\337\0\0\31\0\0\0\0g\237\0\0\0\0\24\n\00234\n\00235\n\00233\n\00236\n\00232\0\0\2\1\5\0\0g\237\336\335", 32768) = 60
725089 <... read resumed>"\0\0\10\6\1\0\0\0\0\2\4\20\20\t\16\7\7", 32768) = 17
1647367 read(11,  <unfinished ...>
725089 read(12,  <unfinished ...>
1647367 <... read resumed>0xc0002ae000, 32768) = -1 EAGAIN (Resource temporarily unavailable)
725089 <... read resumed>0xc0001a6000, 32768) = -1 EAGAIN (Resource temporarily unavailable)
3908772 read(11, "\0\0\10\6\1\0\0\0\0\2\4\20\20\t\16\7\7", 32768) = 17
3908772 read(11, 0xc0002ae000, 32768)   = -1 EAGAIN (Resource temporarily unavailable)
3908772 read(8, "\0\0\36\1\5\0\0003\317\210\350\347\346a\226\337i~\224\v\312C]\212\10\2e@5q\266\356\1\3651h\337\345\344", 32768) = 39
3908772 read(8, 0xc000300000, 32768)    = -1 EAGAIN (Resource temporarily unavailable)
3908600 read(14, "\0\0\206\1\4\0\0\1\247\203\206\4\217a\5\35\204\235}\305\35\204\235\215%\35\221\372\317\316\315\314\177\2\244u\251F\311\n\334\243\23\216\312[\216H1\270\2\306\t\n\353Q\2207\35jQ\262B\267(\304\343\262\226\340\177\313\177\2\232p\2174\354\2572\263\357F\342\3154\0\254\373\217\205g[t\17<\22H&\236\177\2\227\225\227#\33\216\24\243\t_\225\300\310)\10\370\232m\346\306\370\332#_\177\2\214\220R\21\3614\333\315\215\361\264F\277\312\0\0'\0\1\0\0\1\247\0\0\0\0\"\r\236o\27B\25}\377\363\302\32\n2015-04-09\"\n2015-04-14", 32768) = 191
3908600 read(14, 0xc00023e000, 32768)   = -1 EAGAIN (Resource temporarily unavailable)
3908600 read(14, "\0\0\10\6\1\0\0\0\0\2\4\20\20\t\16\7\7", 32768) = 17
3908600 read(14, 0xc00023e000, 32768)   = -1 EAGAIN (Resource temporarily unavailable)
3908772 read(11, "\0\0\6\1\4\0\0g\241\210\344\327\276\340\337\0\0\5\0\0\0\0g\241\0\0\0\0\0\0\0\2\1\5\0\0g\241\336\335", 32768) = 40
3908772 read(11, 0xc0002ae000, 32768)   = -1 EAGAIN (Resource temporarily unavailable)
725089 read(11, "\0\0\10\6\1\0\0\0\0\2\4\20\20\t\16\7\7", 32768) = 17
725089 read(11, 0xc0002ae000, 32768)    = -1 EAGAIN (Resource temporarily unavailable)
725089 read(12, "\0\0\35\1\4\0\0003\321\210\332\364a\226\337i~\224\v\312C]\212\10\2e@5q\266\356\1\3651h\337\325\324\0\0\5\0\0\0\0003\321\0\0\0\0\0\0\0\2\1\5\0\0003\321\322\321", 32768) = 63
725089 read(12, 0xc0001a6000, 32768)    = -1 EAGAIN (Resource temporarily unavailable)
725089 read(12, "\0\0\10\6\1\0\0\0\0\2\4\20\20\t\16\7\7", 32768) = 17
725089 read(12, 0xc0001a6000, 32768)    = -1 EAGAIN (Resource temporarily unavailable)
3908772 read(14, "\0\0\207\1\4\0\0\1\251\203\206\4\217a\5\35\204\235}\305\35\204\235\215%\35\221\372\323\322\321\320\177\2\246q\311H\354l\276\323\256\0MF\345\307D\7\231)E\33e\v2\306\325\307\34\224\216\306\313\355:\340\4\324n\\\7\317\177\2\232t\214\221\320\2225\231\v,\254\323\262\306\260\345\vK\0026\206Y\37i\227\310\357\177\2\227zG\244fQ\276\22\0bvV@B\312\363\303\0C,r\fO\377\177\2\213\1\v+\317\f\1\f\261\3101?\316\0\0'\0\1\0\0\1\251\0\0\0\0\"\r\317\367\27B\25\254\\\364\302\32\n2015-04-19\"\n2015-04-24", 32768) = 192
3908772 read(14, 0xc00023e000, 32768)   = -1 EAGAIN (Resource temporarily unavailable)
3908773 read(14, "\0\0\10\6\1\0\0\0\0\2\4\20\20\t\16\7\7", 32768) = 17
3908773 read(14, 0xc00023e000, 32768)   = -1 EAGAIN (Resource temporarily unavailable)
3908773 read(11, "\0\0\6\1\4\0\0g\243\210\344\325\276\340\337\0\0\31\0\0\0\0g\243\0\0\0\0\24\n\00232\n\00231\n\00233\n\00230\n\00234\0\0\2\1\5\0\0g\243\336\335", 32768) = 60
3908773 read(11, 0xc0002ae000, 32768)   = -1 EAGAIN (Resource temporarily unavailable)
3908773 read(11,  <unfinished ...>
725089 read(8, "\0\0\7\1\5\0\0003\321\210\351\350\347\276\345\344", 32768) = 16
3908773 <... read resumed>"\0\0\10\6\1\0\0\0\0\2\4\20\20\t\16\7\7", 32768) = 17
725089 read(8, 0xc000300000, 32768)     = -1 EAGAIN (Resource temporarily unavailable)
3908773 read(11, 0xc0002ae000, 32768)   = -1 EAGAIN (Resource temporarily unavailable)
725089 read(14, "\0\0\213\1\4\0\0\1\253\203\206\4\217a\5\35\204\235}\305\35\204\235\215%\35\221\372\327\326\325\324\177\2\246\t\35t\3vGZhn<G\3565+\356\310\323de\370\306\320\0;\201#\256\200n\310\353M\r\307\210\375\300\377\323\177\2\232e\261\222G\237ig\334\23\313>\313\256\254\373\241\225gd#\217\222P\276Y\t\177\2\227f6\244+\316\273\0331\216G\335\23\357I!\33\20\302W#\226@3\177\2\214}\351$#b\30J\344r\310\6\177\177\23\0011\0\0'\0\1\0\0\1\253\0\0\0\0\"\r\333\371\27B\25=\n\364\302\32\n2015-04-22\"\n2015-04-24", 32768) = 196
725089 read(14, 0xc00023e000, 32768)    = -1 EAGAIN (Resource temporarily unavailable)
725089 read(14, "\0\0\10\6\1\0\0\0\0\2\4\20\20\t\16\7\7", 32768) = 17
725089 read(14, 0xc00023e000, 32768)    = -1 EAGAIN (Resource temporarily unavailable)
3908773 read(11, "\0\0\6\1\4\0\0g\245\210\344\325\276\340\337\0\0\31\0\0\0\0g\245\0\0\0\0\24\n\00242\n\00243\n\00241\n\00244\n\00240\0\0\2\1\5\0\0g\245\336\335", 32768) = 60
3908773 read(11, 0xc0002ae000, 32768)   = -1 EAGAIN (Resource temporarily unavailable)
725089 read(11, "\0\0\10\6\1\0\0\0\0\2\4\20\20\t\16\7\7", 32768) = 17
725089 read(11, 0xc0002ae000, 32768)    = -1 EAGAIN (Resource temporarily unavailable)
3908773 read(12, "\0\0\6\1\4\0\0003\323\210\333\346\276\325\324\0\0[\0\0\0\0003\323\0\0\0\0V\nT\n\00242\22\4RACK\32\n2015-04-09\"\n2015-04-17*0\t\0\0\0\0\0\0_@\21\0\0\0\0\0\0_@\31\0\0\0\0\0\0b@\"\3KNG2\16King sized bed\0\0\2\1\5\0\0003\323\322\321", 32768) = 126
3908773 read(12, 0xc0001a6000, 32768)   = -1 EAGAIN (Resource temporarily unavailable)
3908773 read(12, "\0\0\10\6\1\0\0\0\0\2\4\20\20\t\16\7\7", 32768) = 17
3908773 read(12, 0xc0001a6000, 32768)   = -1 EAGAIN (Resource temporarily unavailable)
3908600 read(14, "\0\0\205\1\4\0\0\1\255\203\206\4\217a\5\35\204\235}\305\35\204\235\215%\35\221\372\334\333\332\331\177\3\244\222A6\311\36\4\240x\261\266[\215>&[\1Z\214\r\0 ,w$\220M\262G\201(\36,m\226\340\177\330\177\3\232xq\306\364\257\272\260\344)Vh-\221g\313\30\326\21\34p\255>\351\34|\177\177\3\227\215\347\204R\21\351^dOF\343\222FP\220\0172(\310\340D\363\377\177\3\213\2222\204\200y\221FG\2'\237\327\0\0'\0\1\0\0\1\255\0\0\0\0\"\r\266\363\30B\25\240\332\363\302\32\n2015-04-17\"\n2015-04-20", 32768) = 190
3908600 read(14, 0xc00023e000, 32768)   = -1 EAGAIN (Resource temporarily unavailable)
3908600 read(14, "\0\0\10\6\1\0\0\0\0\2\4\20\20\t\16\7\7", 32768) = 17
3908600 read(14, 0xc00023e000, 32768)   = -1 EAGAIN (Resource temporarily unavailable)
3908773 read(11, "\0\0\6\1\4\0\0g\247\210\344\327\276\340\337\0\0\31\0\0\0\0g\247\0\0\0\0\24\n\00268\n\00267\n\00269\n\00266\n\00270\0\0\2\1\5\0\0g\247\336\335", 32768) = 60
3908773 read(11, 0xc0002ae000, 32768)   = -1 EAGAIN (Resource temporarily unavailable)
3908600 read(8,  <unfinished ...>
3908773 read(11, "\0\0\10\6\1\0\0\0\0\2\4\20\20\t\16\7\7", 32768) = 17
3908773 read(11, 0xc0002ae000, 32768)   = -1 EAGAIN (Resource temporarily unavailable)
3908600 <... read resumed>"\0\0\7\1\5\0\0003\323\210\351\350\347\276\345\344", 32768) = 16
3908600 read(8, 0xc000300000, 32768)    = -1 EAGAIN (Resource temporarily unavailable)
1647367 read(14, "\0\0\207\1\4\0\0\1\257\203\206\4\217a\5\35\204\235}\305\35\204\235\215%\35\221\372\340\337\336\335\177\2\245r1\24\204\vR\311#\214\262\323\327\31\23dl\262\212GDF\236\0n9\30\212B\5\251d\221\306Yi\353\200\334\177\2\232\21#\30\232\214k2B8\263Q\214\v<\353\215,7HW\233\224M:\7\377\177\2\227 \333q\3612!H\26\204\354cq\322\271\30B0\272\353\217>\373\277\177\2\214q\322\271\30B0\272\353\217>\373\277\333\0\0'\0\1\0\0\1\257\0\0\0\0\"\r\376\324\27B\25-2\364\302\32\n2015-04-17\"\n2015-04-23", 32768) = 192
1647367 read(14, 0xc00023e000, 32768)   = -1 EAGAIN (Resource temporarily unavailable)
3908773 read(14, "\0\0\10\6\1\0\0\0\0\2\4\20\20\t\16\7\7", 32768) = 17
3908773 read(14, 0xc00023e000, 32768)   = -1 EAGAIN (Resource temporarily unavailable)
1647367 read(11, "\0\0\6\1\4\0\0g\251\210\344\327\276\340\337\0\0\31\0\0\0\0g\251\0\0\0\0\24\n\00234\n\00235\n\00233\n\00236\n\00232\0\0\2\1\5\0\0g\251\336\335", 32768) = 60
1647367 read(11, 0xc0002ae000, 32768)   = -1 EAGAIN (Resource temporarily unavailable)
1647367 read(11, "\0\0\10\6\1\0\0\0\0\2\4\20\20\t\16\7\7", 32768) = 17
1647367 read(11, 0xc0002ae000, 32768)   = -1 EAGAIN (Resource temporarily unavailable)
725089 read(12, "\0\0\6\1\4\0\0003\325\210\333\315\276\325\324\0\0\261\0\0\0\0003\325\0\0\0\0\254\nT\n\00233\22\4RACK\32\n2015-04-09\"\n2015-04-24*0\t\0\0\0\0\0\200`@\21\0\0\0\0\0\200`@\31\0\0\0\0\0\300c@\"\3KNG2\16King sized bed\nT\n\00236\22\4RACK\32\n2015-04-09\"\n2015-04-17*0\t\0\0\0\0\0\0^@\21\0\0\0\0\0\0^@\31\0\0\0\0\0\200a@\"\3KNG2\16King sized bed\0\0\2\1\5\0\0003\325\322\321", 32768) = 212
725089 read(12, 0xc0001a6000, 32768)    = -1 EAGAIN (Resource temporarily unavailable)
3908773 read(12, "\0\0\10\6\1\0\0\0\0\2\4\20\20\t\16\7\7", 32768) = 17
3908773 read(12, 0xc0001a6000, 32768)   = -1 EAGAIN (Resource temporarily unavailable)
3908773 read(14, "\0\0\207\1\4\0\0\1\261\203\206\4\217a\5\35\204\235}\305\35\204\235\215%\35\221\372\344\343\342\341\177\2\245\10\33e\311D\344\204\vr\21\320\\\24\242(H\31C)^\214\222\275p m\227%\23\222\20-\310GAp?\340\177\2\232\4e\214`u\365\235i\307\226j9ZY\360\220\v\24\5x\261\265$\2626/\177\2\227\3etN\225\247@\323\222\225\360\206Gc\215\246\235\224Ed\256\272\367\177\2\214\f\216\307\33M;(\212\311]u\357\337\0\0'\0\1\0\0\1\261\0\0\0\0\"\rmg\27B\25\205k\364\302\32\n2015-04-19\"\n2015-04-23", 32768) = 192
3908773 read(14, 0xc00023e000, 32768)   = -1 EAGAIN (Resource temporarily unavailable)
1647367 read(14, "\0\0\10\6\1\0\0\0\0\2\4\20\20\t\16\7\7", 32768) = 17
1647367 read(14, 0xc00023e000, 32768)   = -1 EAGAIN (Resource temporarily unavailable)
3908773 read(11, "\0\0\6\1\4\0\0g\253\210\344\327\276\340\337\0\0\31\0\0\0\0g\253\0\0\0\0\24\n\00218\n\00219\n\00217\n\00220\n\00216\0\0\2\1\5\0\0g\253\336\335", 32768) = 60
3908773 read(11, 0xc0002ae000, 32768)   = -1 EAGAIN (Resource temporarily unavailable)
3908773 read(11, "\0\0\10\6\1\0\0\0\0\2\4\20\20\t\16\7\7", 32768) = 17
3908773 read(11, 0xc0002ae000, 32768)   = -1 EAGAIN (Resource temporarily unavailable)
3908773 read(8, "\0\0\36\1\5\0\0003\325\210\351\350\347a\226\337i~\224\v\312C]\212\10\2e@5q\266\356\4\nb\321\277\346\345", 32768) = 39
3908773 read(8, 0xc000300000, 32768)    = -1 EAGAIN (Resource temporarily unavailable)
3908773 read(14, "\0\0\210\1\4\0\0\1\263\203\206\4\217a\5\35\204\235}\305\35\204\235\215%\35\221\372\350\347\346\345\177\2\246dbf8\310&\331~G\300Wn:\311\36\225\266\337u\307\33lD\5\306F&c\214\202m\227\344|\5v\340?\344\177\2\232\4\240\23\3222\362\315\3068\326i\300<\263\3576E\234y\311\n\">\27@\337\177\2\227\224R89c\23Bm\271\10\27\31\4q\225\246\337\221\330\334\214\221\277\177\2\214d\21\306V\233~Gcr2F\377\343\0\0'\0\1\0\0\1\263\0\0\0\0\"\r5\336\27B\25#\33\364\302\32\n2015-04-11\"\n2015-04-13", 32768) = 193
3908773 read(14, 0xc00023e000, 32768)   = -1 EAGAIN (Resource temporarily unavailable)
1647367 read(14, "\0\0\10\6\1\0\0\0\0\2\4\20\20\t\16\7\7", 32768) = 17
1647367 read(14, 0xc00023e000, 32768)   = -1 EAGAIN (Resource temporarily unavailable)
1647367 read(11, "\0\0\6\1\4\0\0g\255\210\344\327\276\340\337\0\0\31\0\0\0\0g\255\0\0\0\0\24\n\00238\n\00237\n\00239\n\00236\n\00240\0\0\2\1\5\0\0g\255\336\335", 32768) = 60
1647367 read(11, 0xc0002ae000, 32768)   = -1 EAGAIN (Resource temporarily unavailable)
725089 read(11, "\0\0\10\6\1\0\0\0\0\2\4\20\20\t\16\7\7", 32768) = 17
725089 read(11, 0xc0002ae000, 32768)    = -1 EAGAIN (Resource temporarily unavailable)
725089 read(12, "\0\0\6\1\4\0\0003\327\210\333\315\276\325\324\0\0\261\0\0\0\0003\327\0\0\0\0\254\nT\n\00239\22\4RACK\32\n2015-04-09\"\n2015-04-24*0\t\0\0\0\0\0\0m@\21\0\0\0\0\0\0m@\31\0\0\0\0\0 p@\"\3KNG2\16King sized bed\nT\n\00236\22\4RACK\32\n2015-04-09\"\n2015-04-17*0\t\0\0\0\0\0\0^@\21\0\0\0\0\0\0^@\31\0\0\0\0\0\200a@\"\3KNG2\16King sized bed\0\0\2\1\5\0\0003\327\322\321", 32768) = 212
725089 read(12, 0xc0001a6000, 32768)    = -1 EAGAIN (Resource temporarily unavailable)
3908773 read(12, "\0\0\10\6\1\0\0\0\0\2\4\20\20\t\16\7\7", 32768) = 17
3908773 read(12, 0xc0001a6000, 32768)   = -1 EAGAIN (Resource temporarily unavailable)
3908773 read(14, "\0\0\210\1\4\0\0\1\265\203\206\4\217a\5\35\204\235}\305\35\204\235\215%\35\221\372\354\353\352\351\177\2\246h2\t\331d+\245\t\31\221\231n6\10\333q\371c\221\307\333~0\313q\240\310'e\220\256\224$fFe\270\17\350\177\2\232l\22\262\333.\tg\334\215\265\232\24\262,7\310\352\315\312\320\2\373\215\201\301\267\177\2\227\220\"f6\333y\346\3000\r\227\2\341Ye\322\204\261\306\354\2158\327\177\2\214\v\205e\227J\22\307\33\2624\343_\347\0\0'\0\1\0\0\1\265\0\0\0\0\"\rmg\27B\25\205k\364\302\32\n2015-04-19\"\n2015-04-23", 32768) = 193
3908773 read(14, 0xc00023e000, 32768)   = -1 EAGAIN (Resource temporarily unavailable)
1647367 read(14, "\0\0\10\6\1\0\0\0\0\2\4\20\20\t\16\7\7", 32768) = 17
1647367 read(14, 0xc00023e000, 32768)   = -1 EAGAIN (Resource temporarily unavailable)
1647367 read(11, "\0\0\35\1\4\0\0g\257\210\344\325a\226\337i~\224\v\312C]\212\10\2e@5q\266\356\4\nb\321\277\341\340\0\0\31\0\0\0\0g\257\0\0\0\0\24\n\00218\n\00219\n\00217\n\00220\n\00216\0\0\2\1\5\0\0g\257\337\336", 32768) = 83
1647367 read(11, 0xc0002ae000, 32768)   = -1 EAGAIN (Resource temporarily unavailable)
725089 read(11, "\0\0\10\6\1\0\0\0\0\2\4\20\20\t\16\7\7", 32768) = 17
725089 read(11, 0xc0002ae000, 32768)    = -1 EAGAIN (Resource temporarily unavailable)
725089 read(8, "\0\0\7\1\5\0\0003\327\210\352\351\350\276\346\345", 32768) = 16
725089 read(8, 0xc000300000, 32768)     = -1 EAGAIN (Resource temporarily unavailable)
725089 read(14, "\0\0\205\1\4\0\0\1\267\203\206\4\217a\5\35\204\235}\305\35\204\235\215%\35\221\372\360\357\356\355\177\2\244\20\310\331\6\7\334h\rH\340\7p\215\272\26\300\363\216\264\314m\25\253\202\31\33 \300\373\215\1\251\34\0\356\3\354\177\2\231\23M\200Q\214+>2\25f\231\224\253<\1\201g\233\221\222\21\267\300\333d\177\2\227$a}\320\25\221K$ez9\32u\240\200\17:\323o\220O\215\237\177\2\214i\326\202\0<\353M\276A>6\177\353\0\0'\0\1\0\0\1\267\0\0\0\0\"\rB`\30B\25'1\364\302\32\n2015-04-21\"\n2015-04-23", 32768) = 190
725089 read(14, 0xc00023e000, 32768)    = -1 EAGAIN (Resource temporarily unavailable)
1647367 read(14, "\0\0\10\6\1\0\0\0\0\2\4\20\20\t\16\7\7", 32768) = 17
1647367 read(14, 0xc00023e000, 32768)   = -1 EAGAIN (Resource temporarily unavailable)
725089 read(11, "\0\0\6\1\4\0\0g\261\210\345\326\276\341\340\0\0\31\0\0\0\0g\261\0\0\0\0\24\n\00245\n\00246\n\00244\n\00247\n\00243\0\0\2\1\5\0\0g\261\337\336", 32768) = 60
725089 read(11, 0xc0002ae000, 32768)    = -1 EAGAIN (Resource temporarily unavailable)
1647367 read(11, "\0\0\10\6\1\0\0\0\0\2\4\20\20\t\16\7\7", 32768) = 17
1647367 read(11, 0xc0002ae000, 32768)   = -1 EAGAIN (Resource temporarily unavailable)
1647367 read(12, "\0\0\6\1\4\0\0003\331\210\333\364\276\325\324\0\0[\0\0\0\0003\331\0\0\0\0V\nT\n\00245\22\4RACK\32\n2015-04-09\"\n2015-04-24*0\t\0\0\0\0\0@[@\21\0\0\0\0\0@[@\31{\24\256G\341\312^@\"\3KNG2\16King sized bed\0\0\2\1\5\0\0003\331\322\321", 32768) = 126
1647367 read(12, 0xc0001a6000, 32768)   = -1 EAGAIN (Resource temporarily unavailable)
3908600 read(12, "\0\0\10\6\1\0\0\0\0\2\4\20\20\t\16\7\7", 32768) = 17
3908600 read(12, 0xc0001a6000, 32768)   = -1 EAGAIN (Resource temporarily unavailable)
1647367 read(14, "\0\0\210\1\4\0\0\1\271\203\206\4\217a\5\35\204\235}\305\35\204\235\215%\35\221\372\364\363\362\361\177\2\246i\220\226@:\314\202\30\332i\227.:G\33e\307]vA\t\331D\335\306\231\td\3\254\310!\215\246\231r\340?\360\177\2\232\4o8'\10\352\321\215\221,\320\0\332\3172\373\353\1\330\304\333-:I\36k\177\2\227u\370\335x\217\t\271[y\300\5\326\232\0@\"\265+.\211\322\312\347\177\2\214i\240\4\2+R\262\350\235,\256\177\357\0\0'\0\1\0\0\1\271\0\0\0\0\"\r\333\371\27B\25=\n\364\302\32\n2015-04-22\"\n2015-04-24", 32768) = 193
1647367 read(14, 0xc00023e000, 32768)   = -1 EAGAIN (Resource temporarily unavailable)
725089 read(14, "\0\0\10\6\1\0\0\0\0\2\4\20\20\t\16\7\7", 32768) = 17
725089 read(14, 0xc00023e000, 32768)    = -1 EAGAIN (Resource temporarily unavailable)
1647367 read(11, "\0\0\6\1\4\0\0g\263\210\345\330\276\341\340\0\0\31\0\0\0\0g\263\0\0\0\0\24\n\00242\n\00243\n\00241\n\00244\n\00240\0\0\2\1\5\0\0g\263\337\336", 32768) = 60
1647367 read(11, 0xc0002ae000, 32768)   = -1 EAGAIN (Resource temporarily unavailable)
1647367 read(11, "\0\0\10\6\1\0\0\0\0\2\4\20\20\t\16\7\7", 32768) = 17
1647367 read(11, 0xc0002ae000, 32768)   = -1 EAGAIN (Resource temporarily unavailable)
1647367 read(8, "\0\0\7\1\5\0\0003\331\210\352\351\350\276\346\345", 32768) = 16
1647367 read(8, 0xc000300000, 32768)    = -1 EAGAIN (Resource temporarily unavailable)
3908600 read(14, "\0\0\303\1\4\0\0\1\273\203\206\4\217a\5\35\204\235}\305\35\204\235\215%\35\221\372A\207E\235\326AGa'_\213\35u\320b\r&=LMedz\212\232\312\310\264\307`+\204\v\203@\2te\206M\2035\5\261\37\177\6\245hL\210!\23\361\270V]v9.>\353\241xN\201\221\267(\206\325\306\204\310\202\21?\33\205e\327c\222\340?@\215\362\264\247\263\300\354\220\262-]\207I\377\203\235)\257\177\7\232\225\321;\33\262\215`\fbY\240\10kG#EY\300F\371\\m\327G\31\177\177\7\226)^$\202\225\266\333p\201#\354\200\245\23!\214\204~2\205\300?\177\7\213\1J&C\31\10\374e\v\200\177\177$\0010\0\0'\0\1\0\0\1\273\0\0\0\0\"\r5\336\27B\25#\33\364\302\32\n2015-04-11\"\n2015-04-13", 32768) = 252
3908600 read(14, 0xc00023e000, 32768)   = -1 EAGAIN (Resource temporarily unavailable)
725089 read(14, "\0\0\10\6\1\0\0\0\0\2\4\20\20\t\16\7\7", 32768) = 17
725089 read(14, 0xc00023e000, 32768)    = -1 EAGAIN (Resource temporarily unavailable)
1647367 read(11, "\0\0\6\1\4\0\0g\265\210\345\330\276\341\340\0\0\31\0\0\0\0g\265\0\0\0\0\24\n\00238\n\00237\n\00239\n\00236\n\00240\0\0\2\1\5\0\0g\265\337\336", 32768) = 60
1647367 read(11, 0xc0002ae000, 32768)   = -1 EAGAIN (Resource temporarily unavailable)
725089 read(11, "\0\0\10\6\1\0\0\0\0\2\4\20\20\t\16\7\7", 32768) = 17
725089 read(11, 0xc0002ae000, 32768)    = -1 EAGAIN (Resource temporarily unavailable)
1647367 read(12, "\0\0\35\1\4\0\0003\333\210\333\300a\226\337i~\224\v\312C]\212\10\2e@5q\266\356\4\nb\321\277\326\325\0\0\261\0\0\0\0003\333\0\0\0\0\254\nT\n\00239\22\4RACK\32\n2015-04-09\"\n2015-04-24*0\t\0\0\0\0\0\0m@\21\0\0\0\0\0\0m@\31\0\0\0\0\0 p@\"\3KNG2\16King sized bed\nT\n\00236\22\4RACK\32\n2015-04-09\"\n2015-04-17*0\t\0\0\0\0\0\0^@\21\0\0\0\0\0\0^@\31\0\0\0\0\0\200a@\"\3KNG2\16King sized bed\0\0\2\1\5\0\0003\333\323\322", 32768) = 235
1647367 read(12, 0xc0001a6000, 32768)   = -1 EAGAIN (Resource temporarily unavailable)
725089 read(12, "\0\0\10\6\1\0\0\0\0\2\4\20\20\t\16\7\7", 32768) = 17
725089 read(12, 0xc0001a6000, 32768)    = -1 EAGAIN (Resource temporarily unavailable)
725089 read(14, "\0\0\206\1\4\0\0\1\275\203\206\4\217a\5\35\204\235}\305\35\204\235\215%\35\221\372\307\306\305\304\177\4\245jQ\fA\221\227\235x\205\3\217\334t\2x\221\270)\33\215\362\24\256\\jQ\fA\221\227\235x\205\3\217\334\7\303\177\3\231\f\245\10B\331\26\1\0\312\315=$\253\r\250\306\260\36\1\n\323\354\200\241\177\177\3\227\2160;$m\224\201q\251\31\2260\221\230\334tCnG\243\20\n\347\177\3\214\t\31\215\307D6\344z1\0\256\177\302\0\0'\0\1\0\0\1\275\0\0\0\0\"\r\376\324\27B\25-2\364\302\32\n2015-04-17\"\n2015-04-23", 32768) = 191
725089 read(14, 0xc00023e000, 32768)    = -1 EAGAIN (Resource temporarily unavailable)
725089 read(14, "\0\0\10\6\1\0\0\0\0\2\4\20\20\t\16\7\7", 32768) = 17
725089 read(14, 0xc00023e000, 32768)    = -1 EAGAIN (Resource temporarily unavailable)
3908773 read(11, "\0\0\6\1\4\0\0g\267\210\345\326\276\341\340\0\0\31\0\0\0\0g\267\0\0\0\0\24\n\00234\n\00235\n\00233\n\00236\n\00232\0\0\2\1\5\0\0g\267\337\336", 32768) = 60
3908773 read(11, 0xc0002ae000, 32768)   = -1 EAGAIN (Resource temporarily unavailable)
3908773 read(8,  <unfinished ...>
1647367 read(11,  <unfinished ...>
3908773 <... read resumed>"\0\0\7\1\5\0\0003\333\210\352\351\350\276\346\345", 32768) = 16
1647367 <... read resumed>"\0\0\10\6\1\0\0\0\0\2\4\20\20\t\16\7\7", 32768) = 17
3908773 read(8,  <unfinished ...>
1647367 read(11,  <unfinished ...>
3908773 <... read resumed>0xc000300000, 32768) = -1 EAGAIN (Resource temporarily unavailable)
1647367 <... read resumed>0xc0002ae000, 32768) = -1 EAGAIN (Resource temporarily unavailable)
725089 read(14, "\0\0\207\1\4\0\0\1\277\203\206\4\217a\5\35\204\235}\305\35\204\235\215%\35\221\372\313\312\311\310\177\2\245pn\0202\276Q\274\26\204X\305q\331\10\353\362<7\0060\201\331#\270\340\334 e|\243x-\10\261\212\340?\307\177\2\232d\261\221\327\4\372\317\r\311VjFZZ7\v\32\300jB\r\3227\34a\17\177\2\227|#e\266\337\221\350\300\373`\221\310\301!H\343\322\274\333.?!\32\177\2\214\214\22\24\216=+\315\262\343\362\21\257\306\0\0'\0\1\0\0\1\277\0\0\0\0\"\rmg\27B\25\205k\364\302\32\n2015-04-19\"\n2015-04-23", 32768) = 192
725089 read(14, 0xc00023e000, 32768)    = -1 EAGAIN (Resource temporarily unavailable)
3908773 read(14, "\0\0\10\6\1\0\0\0\0\2\4\20\20\t\16\7\7", 32768) = 17
3908773 read(14, 0xc00023e000, 32768)   = -1 EAGAIN (Resource temporarily unavailable)
